172.25.0.1 - - [17/Feb/2025:00:15:47 +0000] "GET /thredds/wms/POP/model/regional/copernicus/nrt/daily/ssh/latest.ncml?REQUEST=GetFeatureInfo&SERVICE=WMS&SRS=EPSG%3A4326&STYLES=default%2Fdiv-RdBu-inv&TRANSPARENT=true&VERSION=1.1.1&FORMAT=image%2Fpng&BBOX=62.22656250000001%2C-52.48278022207821%2C337.8515625%2C52.37559917665913&HEIGHT=703&WIDTH=1568&LAYERS=sla&QUERY_LAYERS=sla&INFO_FORMAT=text%2Fhtml&X=534&Y=204 HTTP/1.0" 200 712
127.0.0.1 - - [17/Feb/2025:00:15:48 +0000] "GET /thredds/catalog.html HTTP/1.1" 302 -
127.0.0.1 - - [17/Feb/2025:00:15:58 +0000] "GET /thredds/catalog.html HTTP/1.1" 302 -
127.0.0.1 - - [17/Feb/2025:00:16:08 +0000] "GET /thredds/catalog.html HTTP/1.1" 302 -
172.25.0.1 - - [17/Feb/2025:00:16:11 +0000] "GET /thredds/Godiva.html?server=https://dev-oceanportal.spc.int/thredds%2Fwms%2FPOP%2Fmodel%2Fregional%2Fcopernicus%2Fnrt%2Fdaily%2Fssh%2Flatest4.ncml HTTP/1.0" 304 -
172.25.0.1 - - [17/Feb/2025:00:16:11 +0000] "GET /thredds/Godiva.html?server=https://dev-oceanportal.spc.int/thredds%2Fwms%2FPOP%2Fmodel%2Fregional%2Fcopernicus%2Fnrt%2Fdaily%2Fssh%2Flatest4.ncml HTTP/1.0" 304 -
172.25.0.1 - - [17/Feb/2025:00:16:11 +0000] "GET /thredds/Godiva.html?server=https://dev-oceanportal.spc.int/thredds%2Fwms%2FPOP%2Fmodel%2Fregional%2Fcopernicus%2Fnrt%2Fdaily%2Fssh%2Flatest4.ncml HTTP/1.0" 304 -
172.25.0.1 - - [17/Feb/2025:00:16:11 +0000] "GET /thredds/wms/POP/model/regional/copernicus/nrt/daily/ssh/latest4.ncml?request=GetMetadata&item=menu HTTP/1.0" 200 339
172.25.0.1 - - [17/Feb/2025:00:16:11 +0000] "GET /thredds/getconfig HTTP/1.0" 404 675
172.25.0.1 - - [17/Feb/2025:00:16:11 +0000] "GET /thredds/wms/POP/model/regional/copernicus/nrt/daily/ssh/latest4.ncml?request=GetMetadata&item=menu HTTP/1.0" 200 339
172.25.0.1 - - [17/Feb/2025:00:16:13 +0000] "GET /thredds/wms/POP/model/regional/copernicus/nrt/daily/ssh/latest4.ncml?request=GetMetadata&item=layerDetails&layerName=sla HTTP/1.0" 200 4623
172.25.0.1 - - [17/Feb/2025:00:16:13 +0000] "GET /thredds/wms/POP/model/regional/copernicus/nrt/daily/ssh/latest4.ncml?request=GetMetadata&item=timesteps&layerName=sla&day=2025-02-16 HTTP/1.0" 200 31
172.25.0.1 - - [17/Feb/2025:00:16:13 +0000] "GET /thredds/wms/POP/model/regional/copernicus/nrt/daily/ssh/latest4.ncml?request=GetLegendGraphic&height=600&width=1&numcolorbands=20&colorbaronly=true&vertical=true&palette=psu-viridis HTTP/1.0" 200 174
172.25.0.1 - - [17/Feb/2025:00:16:13 +0000] "GET /thredds/wms/POP/model/regional/copernicus/nrt/daily/ssh/latest4.ncml?FORMAT=image%2Fpng&TRANSPARENT=TRUE&STYLES=default-scalar%2Fpsu-viridis&LAYERS=sla&TIME=2025-02-16T00%3A00%3A00.000Z&COLORSCALERANGE=-50%2C50&NUMCOLORBANDS=20&ABOVEMAXCOLOR=extend&BELOWMINCOLOR=extend&BGCOLOR=extend&LOGSCALE=false&SERVICE=WMS&VERSION=1.1.1&REQUEST=GetMap&SRS=EPSG%3A4326&BBOX=-57.12,32.88,65.76,155.76&WIDTH=256&HEIGHT=256 HTTP/1.0" 200 334
172.25.0.1 - - [17/Feb/2025:00:16:13 +0000] "GET /thredds/wms/POP/model/regional/copernicus/nrt/daily/ssh/latest4.ncml?FORMAT=image%2Fpng&TRANSPARENT=TRUE&STYLES=default-scalar%2Fpsu-viridis&LAYERS=sla&TIME=2025-02-16T00%3A00%3A00.000Z&COLORSCALERANGE=-50%2C50&NUMCOLORBANDS=20&ABOVEMAXCOLOR=extend&BELOWMINCOLOR=extend&BGCOLOR=extend&LOGSCALE=false&SERVICE=WMS&VERSION=1.1.1&REQUEST=GetMap&SRS=EPSG%3A4326&BBOX=-57.12,-90,65.76,32.88&WIDTH=256&HEIGHT=256 HTTP/1.0" 200 334
172.25.0.1 - - [17/Feb/2025:00:16:13 +0000] "GET /thredds/wms/POP/model/regional/copernicus/nrt/daily/ssh/latest4.ncml?FORMAT=image%2Fpng&TRANSPARENT=TRUE&STYLES=default-scalar%2Fpsu-viridis&LAYERS=sla&TIME=2025-02-16T00%3A00%3A00.000Z&COLORSCALERANGE=-50%2C50&NUMCOLORBANDS=20&ABOVEMAXCOLOR=extend&BELOWMINCOLOR=extend&BGCOLOR=extend&LOGSCALE=false&SERVICE=WMS&VERSION=1.1.1&REQUEST=GetMap&SRS=EPSG%3A4326&BBOX=-171.36,32.88,-48.48,155.76&WIDTH=256&HEIGHT=256 HTTP/1.0" 200 922
172.25.0.1 - - [17/Feb/2025:00:16:13 +0000] "GET /thredds/wms/POP/model/regional/copernicus/nrt/daily/ssh/latest4.ncml?FORMAT=image%2Fpng&TRANSPARENT=TRUE&STYLES=default-scalar%2Fpsu-viridis&LAYERS=sla&TIME=2025-02-16T00%3A00%3A00.000Z&COLORSCALERANGE=-50%2C50&NUMCOLORBANDS=20&ABOVEMAXCOLOR=extend&BELOWMINCOLOR=extend&BGCOLOR=extend&LOGSCALE=false&SERVICE=WMS&VERSION=1.1.1&REQUEST=GetMap&SRS=EPSG%3A4326&BBOX=-294.24,32.88,-171.36,155.76&WIDTH=256&HEIGHT=256 HTTP/1.0" 200 1289
172.25.0.1 - - [17/Feb/2025:00:16:13 +0000] "GET /thredds/wms/POP/model/regional/copernicus/nrt/daily/ssh/latest4.ncml?FORMAT=image%2Fpng&TRANSPARENT=TRUE&STYLES=default-scalar%2Fpsu-viridis&LAYERS=sla&TIME=2025-02-16T00%3A00%3A00.000Z&COLORSCALERANGE=-50%2C50&NUMCOLORBANDS=20&ABOVEMAXCOLOR=extend&BELOWMINCOLOR=extend&BGCOLOR=extend&LOGSCALE=false&SERVICE=WMS&VERSION=1.1.1&REQUEST=GetMap&SRS=EPSG%3A4326&BBOX=-171.36,-90,-48.48,32.88&WIDTH=256&HEIGHT=256 HTTP/1.0" 200 3651
172.25.0.1 - - [17/Feb/2025:00:16:13 +0000] "GET /thredds/wms/POP/model/regional/copernicus/nrt/daily/ssh/latest4.ncml?FORMAT=image%2Fpng&TRANSPARENT=TRUE&STYLES=default-scalar%2Fpsu-viridis&LAYERS=sla&TIME=2025-02-16T00%3A00%3A00.000Z&COLORSCALERANGE=-50%2C50&NUMCOLORBANDS=20&ABOVEMAXCOLOR=extend&BELOWMINCOLOR=extend&BGCOLOR=extend&LOGSCALE=false&SERVICE=WMS&VERSION=1.1.1&REQUEST=GetMap&SRS=EPSG%3A4326&BBOX=-180,32.88,-57.12,155.76&WIDTH=256&HEIGHT=256 HTTP/1.0" 200 929
172.25.0.1 - - [17/Feb/2025:00:16:13 +0000] "GET /thredds/wms/POP/model/regional/copernicus/nrt/daily/ssh/latest4.ncml?FORMAT=image%2Fpng&TRANSPARENT=TRUE&STYLES=default-scalar%2Fpsu-viridis&LAYERS=sla&TIME=2025-02-16T00%3A00%3A00.000Z&COLORSCALERANGE=-50%2C50&NUMCOLORBANDS=20&ABOVEMAXCOLOR=extend&BELOWMINCOLOR=extend&BGCOLOR=extend&LOGSCALE=false&SERVICE=WMS&VERSION=1.1.1&REQUEST=GetMap&SRS=EPSG%3A4326&BBOX=-294.24,-90,-171.36,32.88&WIDTH=256&HEIGHT=256 HTTP/1.0" 200 3907
172.25.0.1 - - [17/Feb/2025:00:16:13 +0000] "GET /thredds/wms/POP/model/regional/copernicus/nrt/daily/ssh/latest4.ncml?FORMAT=image%2Fpng&TRANSPARENT=TRUE&STYLES=default-scalar%2Fpsu-viridis&LAYERS=sla&TIME=2025-02-16T00%3A00%3A00.000Z&COLORSCALERANGE=-50%2C50&NUMCOLORBANDS=20&ABOVEMAXCOLOR=extend&BELOWMINCOLOR=extend&BGCOLOR=extend&LOGSCALE=false&SERVICE=WMS&VERSION=1.1.1&REQUEST=GetMap&SRS=EPSG%3A4326&BBOX=-180,-90,-57.12,32.88&WIDTH=256&HEIGHT=256 HTTP/1.0" 200 3676
172.25.0.1 - - [17/Feb/2025:00:16:14 +0000] "GET /thredds/wms/POP/model/regional/copernicus/nrt/daily/ssh/latest4.ncml?request=GetMetadata&item=minmax&layers=sla&styles=default-scalar&version=1.1.1&bbox=-180%2C-144%2C180%2C144&srs=CRS%3A84&crs=CRS%3A84&time=2025-02-16T00%3A00%3A00.000Z&height=100&width=100 HTTP/1.0" 200 28
172.25.0.1 - - [17/Feb/2025:00:16:14 +0000] "GET /thredds/wms/POP/model/regional/copernicus/nrt/daily/ssh/latest4.ncml?FORMAT=image%2Fpng&TRANSPARENT=TRUE&STYLES=default-scalar%2Fpsu-viridis&LAYERS=sla&TIME=2025-02-16T00%3A00%3A00.000Z&COLORSCALERANGE=-0.2904%2C0.7554&NUMCOLORBANDS=20&ABOVEMAXCOLOR=extend&BELOWMINCOLOR=extend&BGCOLOR=extend&LOGSCALE=false&SERVICE=WMS&VERSION=1.1.1&REQUEST=GetMap&SRS=EPSG%3A4326&BBOX=-57.12,-90,65.76,32.88&WIDTH=256&HEIGHT=256 HTTP/1.0" 200 334
172.25.0.1 - - [17/Feb/2025:00:16:14 +0000] "GET /thredds/wms/POP/model/regional/copernicus/nrt/daily/ssh/latest4.ncml?FORMAT=image%2Fpng&TRANSPARENT=TRUE&STYLES=default-scalar%2Fpsu-viridis&LAYERS=sla&TIME=2025-02-16T00%3A00%3A00.000Z&COLORSCALERANGE=-0.2904%2C0.7554&NUMCOLORBANDS=20&ABOVEMAXCOLOR=extend&BELOWMINCOLOR=extend&BGCOLOR=extend&LOGSCALE=false&SERVICE=WMS&VERSION=1.1.1&REQUEST=GetMap&SRS=EPSG%3A4326&BBOX=-57.12,32.88,65.76,155.76&WIDTH=256&HEIGHT=256 HTTP/1.0" 200 334
172.25.0.1 - - [17/Feb/2025:00:16:14 +0000] "GET /thredds/wms/POP/model/regional/copernicus/nrt/daily/ssh/latest4.ncml?FORMAT=image%2Fpng&TRANSPARENT=TRUE&STYLES=default-scalar%2Fpsu-viridis&LAYERS=sla&TIME=2025-02-16T00%3A00%3A00.000Z&COLORSCALERANGE=-0.2904%2C0.7554&NUMCOLORBANDS=20&ABOVEMAXCOLOR=extend&BELOWMINCOLOR=extend&BGCOLOR=extend&LOGSCALE=false&SERVICE=WMS&VERSION=1.1.1&REQUEST=GetMap&SRS=EPSG%3A4326&BBOX=-171.36,32.88,-48.48,155.76&WIDTH=256&HEIGHT=256 HTTP/1.0" 200 2302
172.25.0.1 - - [17/Feb/2025:00:16:14 +0000] "GET /thredds/wms/POP/model/regional/copernicus/nrt/daily/ssh/latest4.ncml?FORMAT=image%2Fpng&TRANSPARENT=TRUE&STYLES=default-scalar%2Fpsu-viridis&LAYERS=sla&TIME=2025-02-16T00%3A00%3A00.000Z&COLORSCALERANGE=-0.2904%2C0.7554&NUMCOLORBANDS=20&ABOVEMAXCOLOR=extend&BELOWMINCOLOR=extend&BGCOLOR=extend&LOGSCALE=false&SERVICE=WMS&VERSION=1.1.1&REQUEST=GetMap&SRS=EPSG%3A4326&BBOX=-180,-90,-57.12,32.88&WIDTH=256&HEIGHT=256 HTTP/1.0" 200 13286
172.25.0.1 - - [17/Feb/2025:00:16:14 +0000] "GET /thredds/wms/POP/model/regional/copernicus/nrt/daily/ssh/latest4.ncml?FORMAT=image%2Fpng&TRANSPARENT=TRUE&STYLES=default-scalar%2Fpsu-viridis&LAYERS=sla&TIME=2025-02-16T00%3A00%3A00.000Z&COLORSCALERANGE=-0.2904%2C0.7554&NUMCOLORBANDS=20&ABOVEMAXCOLOR=extend&BELOWMINCOLOR=extend&BGCOLOR=extend&LOGSCALE=false&SERVICE=WMS&VERSION=1.1.1&REQUEST=GetMap&SRS=EPSG%3A4326&BBOX=-171.36,-90,-48.48,32.88&WIDTH=256&HEIGHT=256 HTTP/1.0" 200 12288
172.25.0.1 - - [17/Feb/2025:00:16:14 +0000] "GET /thredds/wms/POP/model/regional/copernicus/nrt/daily/ssh/latest4.ncml?FORMAT=image%2Fpng&TRANSPARENT=TRUE&STYLES=default-scalar%2Fpsu-viridis&LAYERS=sla&TIME=2025-02-16T00%3A00%3A00.000Z&COLORSCALERANGE=-0.2904%2C0.7554&NUMCOLORBANDS=20&ABOVEMAXCOLOR=extend&BELOWMINCOLOR=extend&BGCOLOR=extend&LOGSCALE=false&SERVICE=WMS&VERSION=1.1.1&REQUEST=GetMap&SRS=EPSG%3A4326&BBOX=-294.24,-90,-171.36,32.88&WIDTH=256&HEIGHT=256 HTTP/1.0" 200 12039
172.25.0.1 - - [17/Feb/2025:00:16:14 +0000] "GET /thredds/wms/POP/model/regional/copernicus/nrt/daily/ssh/latest4.ncml?FORMAT=image%2Fpng&TRANSPARENT=TRUE&STYLES=default-scalar%2Fpsu-viridis&LAYERS=sla&TIME=2025-02-16T00%3A00%3A00.000Z&COLORSCALERANGE=-0.2904%2C0.7554&NUMCOLORBANDS=20&ABOVEMAXCOLOR=extend&BELOWMINCOLOR=extend&BGCOLOR=extend&LOGSCALE=false&SERVICE=WMS&VERSION=1.1.1&REQUEST=GetMap&SRS=EPSG%3A4326&BBOX=-180,32.88,-57.12,155.76&WIDTH=256&HEIGHT=256 HTTP/1.0" 200 2516
172.25.0.1 - - [17/Feb/2025:00:16:14 +0000] "GET /thredds/wms/POP/model/regional/copernicus/nrt/daily/ssh/latest4.ncml?FORMAT=image%2Fpng&TRANSPARENT=TRUE&STYLES=default-scalar%2Fpsu-viridis&LAYERS=sla&TIME=2025-02-16T00%3A00%3A00.000Z&COLORSCALERANGE=-0.2904%2C0.7554&NUMCOLORBANDS=20&ABOVEMAXCOLOR=extend&BELOWMINCOLOR=extend&BGCOLOR=extend&LOGSCALE=false&SERVICE=WMS&VERSION=1.1.1&REQUEST=GetMap&SRS=EPSG%3A4326&BBOX=-294.24,32.88,-171.36,155.76&WIDTH=256&HEIGHT=256 HTTP/1.0" 200 2808
127.0.0.1 - - [17/Feb/2025:00:16:18 +0000] "GET /thredds/catalog.html HTTP/1.1" 302 -
172.25.0.1 - - [17/Feb/2025:00:16:20 +0000] "GET /thredds/getconfig HTTP/1.0" 404 675
172.25.0.1 - - [17/Feb/2025:00:16:23 +0000] "GET /thredds/catalog/POP/model/regional/copernicus/nrt/daily/ssh/catalog.html HTTP/1.0" 200 37670
172.25.0.1 - - [17/Feb/2025:00:16:23 +0000] "GET /thredds/catalog/POP/model/regional/copernicus/nrt/daily/ssh/catalog.html HTTP/1.0" 200 37670
172.25.0.1 - - [17/Feb/2025:00:16:23 +0000] "GET /thredds/catalog/POP/model/regional/copernicus/nrt/daily/ssh/catalog.html HTTP/1.0" 200 37670
172.25.0.1 - - [17/Feb/2025:00:16:23 +0000] "GET /thredds/catalog/POP/model/regional/copernicus/nrt/daily/ssh/catalog.html HTTP/1.0" 200 37670
172.25.0.1 - - [17/Feb/2025:00:16:23 +0000] "GET /thredds/catalog/POP/model/regional/copernicus/nrt/daily/ssh/catalog.html HTTP/1.0" 200 37670
172.25.0.1 - - [17/Feb/2025:00:16:23 +0000] "GET /thredds/catalog/POP/model/regional/copernicus/nrt/daily/ssh/catalog.html HTTP/1.0" 200 37670
172.25.0.1 - - [17/Feb/2025:00:16:24 +0000] "GET /thredds/catalog/POP/model/regional/copernicus/nrt/daily/ssh/catalog.html HTTP/1.0" 200 37670
172.25.0.1 - - [17/Feb/2025:00:16:24 +0000] "GET /thredds/catalog/POP/model/regional/copernicus/nrt/daily/ssh/catalog.html HTTP/1.0" 200 37670
172.25.0.1 - - [17/Feb/2025:00:16:25 +0000] "GET /thredds/catalog/POP/model/regional/copernicus/nrt/daily/ssh/catalog.html?dataset=POPdata/model/regional/copernicus/nrt/daily/ssh/latest4.ncml HTTP/1.0" 200 10254
172.25.0.1 - - [17/Feb/2025:00:16:27 +0000] "GET /thredds/Godiva.html?server=http%3A%2F%2Flocalhost%3A8081%2Fthredds%2Fwms%2FPOP%2Fmodel%2Fregional%2Fcopernicus%2Fnrt%2Fdaily%2Fssh%2Flatest4.ncml HTTP/1.0" 200 814
172.25.0.1 - - [17/Feb/2025:00:16:27 +0000] "GET /thredds/getconfig HTTP/1.0" 404 675
127.0.0.1 - - [17/Feb/2025:00:16:28 +0000] "GET /thredds/catalog.html HTTP/1.1" 302 -
172.25.0.1 - - [17/Feb/2025:00:16:38 +0000] "GET /thredds/getconfig HTTP/1.0" 404 675
172.25.0.1 - - [17/Feb/2025:00:16:38 +0000] "GET /thredds/wms/POP/model/regional/copernicus/nrt/daily/ssh/latest4.ncml?request=GetMetadata&item=menu HTTP/1.0" 200 339
127.0.0.1 - - [17/Feb/2025:00:16:38 +0000] "GET /thredds/catalog.html HTTP/1.1" 302 -
172.25.0.1 - - [17/Feb/2025:00:16:39 +0000] "GET /thredds/wms/POP/model/regional/copernicus/nrt/daily/ssh/latest4.ncml?request=GetMetadata&item=layerDetails&layerName=sla HTTP/1.0" 200 4623
172.25.0.1 - - [17/Feb/2025:00:16:39 +0000] "GET /thredds/wms/POP/model/regional/copernicus/nrt/daily/ssh/latest4.ncml?request=GetMetadata&item=timesteps&layerName=sla&day=2025-02-16 HTTP/1.0" 200 31
172.25.0.1 - - [17/Feb/2025:00:16:39 +0000] "GET /thredds/wms/POP/model/regional/copernicus/nrt/daily/ssh/latest4.ncml?request=GetLegendGraphic&height=600&width=1&numcolorbands=20&colorbaronly=true&vertical=true&palette=psu-viridis HTTP/1.0" 200 174
172.25.0.1 - - [17/Feb/2025:00:16:40 +0000] "GET /thredds/wms/POP/model/regional/copernicus/nrt/daily/ssh/latest4.ncml?FORMAT=image%2Fpng&TRANSPARENT=TRUE&STYLES=default-scalar%2Fpsu-viridis&LAYERS=sla&TIME=2025-02-16T00%3A00%3A00.000Z&COLORSCALERANGE=-50%2C50&NUMCOLORBANDS=20&ABOVEMAXCOLOR=extend&BELOWMINCOLOR=extend&BGCOLOR=extend&LOGSCALE=false&SERVICE=WMS&VERSION=1.1.1&REQUEST=GetMap&SRS=EPSG%3A4326&BBOX=-57.12,32.88,65.76,155.76&WIDTH=256&HEIGHT=256 HTTP/1.0" 200 334
172.25.0.1 - - [17/Feb/2025:00:16:40 +0000] "GET /thredds/wms/POP/model/regional/copernicus/nrt/daily/ssh/latest4.ncml?FORMAT=image%2Fpng&TRANSPARENT=TRUE&STYLES=default-scalar%2Fpsu-viridis&LAYERS=sla&TIME=2025-02-16T00%3A00%3A00.000Z&COLORSCALERANGE=-50%2C50&NUMCOLORBANDS=20&ABOVEMAXCOLOR=extend&BELOWMINCOLOR=extend&BGCOLOR=extend&LOGSCALE=false&SERVICE=WMS&VERSION=1.1.1&REQUEST=GetMap&SRS=EPSG%3A4326&BBOX=-57.12,-90,65.76,32.88&WIDTH=256&HEIGHT=256 HTTP/1.0" 200 334
172.25.0.1 - - [17/Feb/2025:00:16:40 +0000] "GET /thredds/wms/POP/model/regional/copernicus/nrt/daily/ssh/latest4.ncml?FORMAT=image%2Fpng&TRANSPARENT=TRUE&STYLES=default-scalar%2Fpsu-viridis&LAYERS=sla&TIME=2025-02-16T00%3A00%3A00.000Z&COLORSCALERANGE=-50%2C50&NUMCOLORBANDS=20&ABOVEMAXCOLOR=extend&BELOWMINCOLOR=extend&BGCOLOR=extend&LOGSCALE=false&SERVICE=WMS&VERSION=1.1.1&REQUEST=GetMap&SRS=EPSG%3A4326&BBOX=-294.24,-90,-171.36,32.88&WIDTH=256&HEIGHT=256 HTTP/1.0" 200 3907
172.25.0.1 - - [17/Feb/2025:00:16:40 +0000] "GET /thredds/wms/POP/model/regional/copernicus/nrt/daily/ssh/latest4.ncml?FORMAT=image%2Fpng&TRANSPARENT=TRUE&STYLES=default-scalar%2Fpsu-viridis&LAYERS=sla&TIME=2025-02-16T00%3A00%3A00.000Z&COLORSCALERANGE=-50%2C50&NUMCOLORBANDS=20&ABOVEMAXCOLOR=extend&BELOWMINCOLOR=extend&BGCOLOR=extend&LOGSCALE=false&SERVICE=WMS&VERSION=1.1.1&REQUEST=GetMap&SRS=EPSG%3A4326&BBOX=-180,-90,-57.12,32.88&WIDTH=256&HEIGHT=256 HTTP/1.0" 200 3676
172.25.0.1 - - [17/Feb/2025:00:16:40 +0000] "GET /thredds/wms/POP/model/regional/copernicus/nrt/daily/ssh/latest4.ncml?FORMAT=image%2Fpng&TRANSPARENT=TRUE&STYLES=default-scalar%2Fpsu-viridis&LAYERS=sla&TIME=2025-02-16T00%3A00%3A00.000Z&COLORSCALERANGE=-50%2C50&NUMCOLORBANDS=20&ABOVEMAXCOLOR=extend&BELOWMINCOLOR=extend&BGCOLOR=extend&LOGSCALE=false&SERVICE=WMS&VERSION=1.1.1&REQUEST=GetMap&SRS=EPSG%3A4326&BBOX=-180,32.88,-57.12,155.76&WIDTH=256&HEIGHT=256 HTTP/1.0" 200 929
172.25.0.1 - - [17/Feb/2025:00:16:40 +0000] "GET /thredds/wms/POP/model/regional/copernicus/nrt/daily/ssh/latest4.ncml?FORMAT=image%2Fpng&TRANSPARENT=TRUE&STYLES=default-scalar%2Fpsu-viridis&LAYERS=sla&TIME=2025-02-16T00%3A00%3A00.000Z&COLORSCALERANGE=-50%2C50&NUMCOLORBANDS=20&ABOVEMAXCOLOR=extend&BELOWMINCOLOR=extend&BGCOLOR=extend&LOGSCALE=false&SERVICE=WMS&VERSION=1.1.1&REQUEST=GetMap&SRS=EPSG%3A4326&BBOX=-294.24,32.88,-171.36,155.76&WIDTH=256&HEIGHT=256 HTTP/1.0" 200 1289
172.25.0.1 - - [17/Feb/2025:00:16:40 +0000] "GET /thredds/wms/POP/model/regional/copernicus/nrt/daily/ssh/latest4.ncml?FORMAT=image%2Fpng&TRANSPARENT=TRUE&STYLES=default-scalar%2Fpsu-viridis&LAYERS=sla&TIME=2025-02-16T00%3A00%3A00.000Z&COLORSCALERANGE=-50%2C50&NUMCOLORBANDS=20&ABOVEMAXCOLOR=extend&BELOWMINCOLOR=extend&BGCOLOR=extend&LOGSCALE=false&SERVICE=WMS&VERSION=1.1.1&REQUEST=GetMap&SRS=EPSG%3A4326&BBOX=-171.36,32.88,-48.48,155.76&WIDTH=256&HEIGHT=256 HTTP/1.0" 200 922
172.25.0.1 - - [17/Feb/2025:00:16:40 +0000] "GET /thredds/wms/POP/model/regional/copernicus/nrt/daily/ssh/latest4.ncml?FORMAT=image%2Fpng&TRANSPARENT=TRUE&STYLES=default-scalar%2Fpsu-viridis&LAYERS=sla&TIME=2025-02-16T00%3A00%3A00.000Z&COLORSCALERANGE=-50%2C50&NUMCOLORBANDS=20&ABOVEMAXCOLOR=extend&BELOWMINCOLOR=extend&BGCOLOR=extend&LOGSCALE=false&SERVICE=WMS&VERSION=1.1.1&REQUEST=GetMap&SRS=EPSG%3A4326&BBOX=-171.36,-90,-48.48,32.88&WIDTH=256&HEIGHT=256 HTTP/1.0" 200 3651
172.25.0.1 - - [17/Feb/2025:00:16:41 +0000] "GET /thredds/wms/POP/model/regional/copernicus/nrt/daily/ssh/latest4.ncml?request=GetMetadata&item=minmax&layers=sla&styles=default-scalar&version=1.1.1&bbox=-180%2C-144%2C180%2C144&srs=CRS%3A84&crs=CRS%3A84&time=2025-02-16T00%3A00%3A00.000Z&height=100&width=100 HTTP/1.0" 200 28
172.25.0.1 - - [17/Feb/2025:00:16:41 +0000] "GET /thredds/wms/POP/model/regional/copernicus/nrt/daily/ssh/latest4.ncml?FORMAT=image%2Fpng&TRANSPARENT=TRUE&STYLES=default-scalar%2Fpsu-viridis&LAYERS=sla&TIME=2025-02-16T00%3A00%3A00.000Z&COLORSCALERANGE=-0.2904%2C0.7554&NUMCOLORBANDS=20&ABOVEMAXCOLOR=extend&BELOWMINCOLOR=extend&BGCOLOR=extend&LOGSCALE=false&SERVICE=WMS&VERSION=1.1.1&REQUEST=GetMap&SRS=EPSG%3A4326&BBOX=-57.12,32.88,65.76,155.76&WIDTH=256&HEIGHT=256 HTTP/1.0" 200 334
172.25.0.1 - - [17/Feb/2025:00:16:41 +0000] "GET /thredds/wms/POP/model/regional/copernicus/nrt/daily/ssh/latest4.ncml?FORMAT=image%2Fpng&TRANSPARENT=TRUE&STYLES=default-scalar%2Fpsu-viridis&LAYERS=sla&TIME=2025-02-16T00%3A00%3A00.000Z&COLORSCALERANGE=-0.2904%2C0.7554&NUMCOLORBANDS=20&ABOVEMAXCOLOR=extend&BELOWMINCOLOR=extend&BGCOLOR=extend&LOGSCALE=false&SERVICE=WMS&VERSION=1.1.1&REQUEST=GetMap&SRS=EPSG%3A4326&BBOX=-57.12,-90,65.76,32.88&WIDTH=256&HEIGHT=256 HTTP/1.0" 200 334
172.25.0.1 - - [17/Feb/2025:00:16:41 +0000] "GET /thredds/wms/POP/model/regional/copernicus/nrt/daily/ssh/latest4.ncml?FORMAT=image%2Fpng&TRANSPARENT=TRUE&STYLES=default-scalar%2Fpsu-viridis&LAYERS=sla&TIME=2025-02-16T00%3A00%3A00.000Z&COLORSCALERANGE=-0.2904%2C0.7554&NUMCOLORBANDS=20&ABOVEMAXCOLOR=extend&BELOWMINCOLOR=extend&BGCOLOR=extend&LOGSCALE=false&SERVICE=WMS&VERSION=1.1.1&REQUEST=GetMap&SRS=EPSG%3A4326&BBOX=-171.36,32.88,-48.48,155.76&WIDTH=256&HEIGHT=256 HTTP/1.0" 200 2302
172.25.0.1 - - [17/Feb/2025:00:16:41 +0000] "GET /thredds/wms/POP/model/regional/copernicus/nrt/daily/ssh/latest4.ncml?FORMAT=image%2Fpng&TRANSPARENT=TRUE&STYLES=default-scalar%2Fpsu-viridis&LAYERS=sla&TIME=2025-02-16T00%3A00%3A00.000Z&COLORSCALERANGE=-0.2904%2C0.7554&NUMCOLORBANDS=20&ABOVEMAXCOLOR=extend&BELOWMINCOLOR=extend&BGCOLOR=extend&LOGSCALE=false&SERVICE=WMS&VERSION=1.1.1&REQUEST=GetMap&SRS=EPSG%3A4326&BBOX=-294.24,32.88,-171.36,155.76&WIDTH=256&HEIGHT=256 HTTP/1.0" 200 2808
172.25.0.1 - - [17/Feb/2025:00:16:41 +0000] "GET /thredds/wms/POP/model/regional/copernicus/nrt/daily/ssh/latest4.ncml?FORMAT=image%2Fpng&TRANSPARENT=TRUE&STYLES=default-scalar%2Fpsu-viridis&LAYERS=sla&TIME=2025-02-16T00%3A00%3A00.000Z&COLORSCALERANGE=-0.2904%2C0.7554&NUMCOLORBANDS=20&ABOVEMAXCOLOR=extend&BELOWMINCOLOR=extend&BGCOLOR=extend&LOGSCALE=false&SERVICE=WMS&VERSION=1.1.1&REQUEST=GetMap&SRS=EPSG%3A4326&BBOX=-171.36,-90,-48.48,32.88&WIDTH=256&HEIGHT=256 HTTP/1.0" 200 12288
172.25.0.1 - - [17/Feb/2025:00:16:41 +0000] "GET /thredds/wms/POP/model/regional/copernicus/nrt/daily/ssh/latest4.ncml?FORMAT=image%2Fpng&TRANSPARENT=TRUE&STYLES=default-scalar%2Fpsu-viridis&LAYERS=sla&TIME=2025-02-16T00%3A00%3A00.000Z&COLORSCALERANGE=-0.2904%2C0.7554&NUMCOLORBANDS=20&ABOVEMAXCOLOR=extend&BELOWMINCOLOR=extend&BGCOLOR=extend&LOGSCALE=false&SERVICE=WMS&VERSION=1.1.1&REQUEST=GetMap&SRS=EPSG%3A4326&BBOX=-180,-90,-57.12,32.88&WIDTH=256&HEIGHT=256 HTTP/1.0" 200 13286
172.25.0.1 - - [17/Feb/2025:00:16:41 +0000] "GET /thredds/wms/POP/model/regional/copernicus/nrt/daily/ssh/latest4.ncml?FORMAT=image%2Fpng&TRANSPARENT=TRUE&STYLES=default-scalar%2Fpsu-viridis&LAYERS=sla&TIME=2025-02-16T00%3A00%3A00.000Z&COLORSCALERANGE=-0.2904%2C0.7554&NUMCOLORBANDS=20&ABOVEMAXCOLOR=extend&BELOWMINCOLOR=extend&BGCOLOR=extend&LOGSCALE=false&SERVICE=WMS&VERSION=1.1.1&REQUEST=GetMap&SRS=EPSG%3A4326&BBOX=-180,32.88,-57.12,155.76&WIDTH=256&HEIGHT=256 HTTP/1.0" 200 2516
172.25.0.1 - - [17/Feb/2025:00:16:41 +0000] "GET /thredds/wms/POP/model/regional/copernicus/nrt/daily/ssh/latest4.ncml?FORMAT=image%2Fpng&TRANSPARENT=TRUE&STYLES=default-scalar%2Fpsu-viridis&LAYERS=sla&TIME=2025-02-16T00%3A00%3A00.000Z&COLORSCALERANGE=-0.2904%2C0.7554&NUMCOLORBANDS=20&ABOVEMAXCOLOR=extend&BELOWMINCOLOR=extend&BGCOLOR=extend&LOGSCALE=false&SERVICE=WMS&VERSION=1.1.1&REQUEST=GetMap&SRS=EPSG%3A4326&BBOX=-294.24,-90,-171.36,32.88&WIDTH=256&HEIGHT=256 HTTP/1.0" 200 12039
127.0.0.1 - - [17/Feb/2025:00:16:48 +0000] "GET /thredds/catalog.html HTTP/1.1" 302 -
172.25.0.1 - - [17/Feb/2025:00:16:57 +0000] "GET /thredds/Godiva.html?server=https://dev-oceanportal.spc.int/thredds%2Fwms%2FPOP%2Fmodel%2Fregional%2Fcopernicus%2Fnrt%2Fdaily%2Fssh%2Flatest4.ncml HTTP/1.0" 200 814
172.25.0.1 - - [17/Feb/2025:00:16:57 +0000] "GET /thredds/Godiva.html?server=https://dev-oceanportal.spc.int/thredds%2Fwms%2FPOP%2Fmodel%2Fregional%2Fcopernicus%2Fnrt%2Fdaily%2Fssh%2Flatest4.ncml HTTP/1.0" 304 -
172.25.0.1 - - [17/Feb/2025:00:16:57 +0000] "GET /thredds/wms/POP/model/regional/copernicus/nrt/daily/ssh/latest4.ncml?request=GetMetadata&item=menu HTTP/1.0" 200 339
172.25.0.1 - - [17/Feb/2025:00:16:57 +0000] "GET /thredds/getconfig HTTP/1.0" 404 675
172.25.0.1 - - [17/Feb/2025:00:16:57 +0000] "GET /thredds/Godiva.html?server=https://dev-oceanportal.spc.int/thredds%2Fwms%2FPOP%2Fmodel%2Fregional%2Fcopernicus%2Fnrt%2Fdaily%2Fssh%2Flatest4.ncml HTTP/1.0" 304 -
172.25.0.1 - - [17/Feb/2025:00:16:57 +0000] "GET /thredds/wms/POP/model/regional/copernicus/nrt/daily/ssh/latest4.ncml?request=GetMetadata&item=menu HTTP/1.0" 200 339
172.25.0.1 - - [17/Feb/2025:00:16:57 +0000] "GET /thredds/getconfig HTTP/1.0" 404 675
172.25.0.1 - - [17/Feb/2025:00:16:57 +0000] "GET /thredds/wms/POP/model/regional/copernicus/nrt/daily/ssh/latest4.ncml?request=GetMetadata&item=menu HTTP/1.0" 200 339
127.0.0.1 - - [17/Feb/2025:00:16:59 +0000] "GET /thredds/catalog.html HTTP/1.1" 302 -
172.25.0.1 - - [17/Feb/2025:00:16:59 +0000] "GET /thredds/wms/POP/model/regional/copernicus/nrt/daily/ssh/latest4.ncml?request=GetMetadata&item=layerDetails&layerName=sla HTTP/1.0" 200 4623
172.25.0.1 - - [17/Feb/2025:00:16:59 +0000] "GET /thredds/wms/POP/model/regional/copernicus/nrt/daily/ssh/latest4.ncml?request=GetMetadata&item=timesteps&layerName=sla&day=2025-02-16 HTTP/1.0" 200 31
172.25.0.1 - - [17/Feb/2025:00:16:59 +0000] "GET /thredds/wms/POP/model/regional/copernicus/nrt/daily/ssh/latest4.ncml?request=GetLegendGraphic&height=600&width=1&numcolorbands=20&colorbaronly=true&vertical=true&palette=psu-viridis HTTP/1.0" 200 174
172.25.0.1 - - [17/Feb/2025:00:16:59 +0000] "GET /thredds/wms/POP/model/regional/copernicus/nrt/daily/ssh/latest4.ncml?FORMAT=image%2Fpng&TRANSPARENT=TRUE&STYLES=default-scalar%2Fpsu-viridis&LAYERS=sla&TIME=2025-02-16T00%3A00%3A00.000Z&COLORSCALERANGE=-50%2C50&NUMCOLORBANDS=20&ABOVEMAXCOLOR=extend&BELOWMINCOLOR=extend&BGCOLOR=extend&LOGSCALE=false&SERVICE=WMS&VERSION=1.1.1&REQUEST=GetMap&SRS=EPSG%3A4326&BBOX=-57.12,-90,65.76,32.88&WIDTH=256&HEIGHT=256 HTTP/1.0" 200 334
172.25.0.1 - - [17/Feb/2025:00:16:59 +0000] "GET /thredds/wms/POP/model/regional/copernicus/nrt/daily/ssh/latest4.ncml?FORMAT=image%2Fpng&TRANSPARENT=TRUE&STYLES=default-scalar%2Fpsu-viridis&LAYERS=sla&TIME=2025-02-16T00%3A00%3A00.000Z&COLORSCALERANGE=-50%2C50&NUMCOLORBANDS=20&ABOVEMAXCOLOR=extend&BELOWMINCOLOR=extend&BGCOLOR=extend&LOGSCALE=false&SERVICE=WMS&VERSION=1.1.1&REQUEST=GetMap&SRS=EPSG%3A4326&BBOX=-57.12,32.88,65.76,155.76&WIDTH=256&HEIGHT=256 HTTP/1.0" 200 334
172.25.0.1 - - [17/Feb/2025:00:16:59 +0000] "GET /thredds/wms/POP/model/regional/copernicus/nrt/daily/ssh/latest4.ncml?FORMAT=image%2Fpng&TRANSPARENT=TRUE&STYLES=default-scalar%2Fpsu-viridis&LAYERS=sla&TIME=2025-02-16T00%3A00%3A00.000Z&COLORSCALERANGE=-50%2C50&NUMCOLORBANDS=20&ABOVEMAXCOLOR=extend&BELOWMINCOLOR=extend&BGCOLOR=extend&LOGSCALE=false&SERVICE=WMS&VERSION=1.1.1&REQUEST=GetMap&SRS=EPSG%3A4326&BBOX=-180,32.88,-57.12,155.76&WIDTH=256&HEIGHT=256 HTTP/1.0" 200 929
172.25.0.1 - - [17/Feb/2025:00:16:59 +0000] "GET /thredds/wms/POP/model/regional/copernicus/nrt/daily/ssh/latest4.ncml?FORMAT=image%2Fpng&TRANSPARENT=TRUE&STYLES=default-scalar%2Fpsu-viridis&LAYERS=sla&TIME=2025-02-16T00%3A00%3A00.000Z&COLORSCALERANGE=-50%2C50&NUMCOLORBANDS=20&ABOVEMAXCOLOR=extend&BELOWMINCOLOR=extend&BGCOLOR=extend&LOGSCALE=false&SERVICE=WMS&VERSION=1.1.1&REQUEST=GetMap&SRS=EPSG%3A4326&BBOX=-294.24,-90,-171.36,32.88&WIDTH=256&HEIGHT=256 HTTP/1.0" 200 3907
172.25.0.1 - - [17/Feb/2025:00:16:59 +0000] "GET /thredds/wms/POP/model/regional/copernicus/nrt/daily/ssh/latest4.ncml?FORMAT=image%2Fpng&TRANSPARENT=TRUE&STYLES=default-scalar%2Fpsu-viridis&LAYERS=sla&TIME=2025-02-16T00%3A00%3A00.000Z&COLORSCALERANGE=-50%2C50&NUMCOLORBANDS=20&ABOVEMAXCOLOR=extend&BELOWMINCOLOR=extend&BGCOLOR=extend&LOGSCALE=false&SERVICE=WMS&VERSION=1.1.1&REQUEST=GetMap&SRS=EPSG%3A4326&BBOX=-171.36,-90,-48.48,32.88&WIDTH=256&HEIGHT=256 HTTP/1.0" 200 3651
172.25.0.1 - - [17/Feb/2025:00:16:59 +0000] "GET /thredds/wms/POP/model/regional/copernicus/nrt/daily/ssh/latest4.ncml?FORMAT=image%2Fpng&TRANSPARENT=TRUE&STYLES=default-scalar%2Fpsu-viridis&LAYERS=sla&TIME=2025-02-16T00%3A00%3A00.000Z&COLORSCALERANGE=-50%2C50&NUMCOLORBANDS=20&ABOVEMAXCOLOR=extend&BELOWMINCOLOR=extend&BGCOLOR=extend&LOGSCALE=false&SERVICE=WMS&VERSION=1.1.1&REQUEST=GetMap&SRS=EPSG%3A4326&BBOX=-171.36,32.88,-48.48,155.76&WIDTH=256&HEIGHT=256 HTTP/1.0" 200 922
172.25.0.1 - - [17/Feb/2025:00:16:59 +0000] "GET /thredds/wms/POP/model/regional/copernicus/nrt/daily/ssh/latest4.ncml?FORMAT=image%2Fpng&TRANSPARENT=TRUE&STYLES=default-scalar%2Fpsu-viridis&LAYERS=sla&TIME=2025-02-16T00%3A00%3A00.000Z&COLORSCALERANGE=-50%2C50&NUMCOLORBANDS=20&ABOVEMAXCOLOR=extend&BELOWMINCOLOR=extend&BGCOLOR=extend&LOGSCALE=false&SERVICE=WMS&VERSION=1.1.1&REQUEST=GetMap&SRS=EPSG%3A4326&BBOX=-294.24,32.88,-171.36,155.76&WIDTH=256&HEIGHT=256 HTTP/1.0" 200 1289
172.25.0.1 - - [17/Feb/2025:00:16:59 +0000] "GET /thredds/wms/POP/model/regional/copernicus/nrt/daily/ssh/latest4.ncml?FORMAT=image%2Fpng&TRANSPARENT=TRUE&STYLES=default-scalar%2Fpsu-viridis&LAYERS=sla&TIME=2025-02-16T00%3A00%3A00.000Z&COLORSCALERANGE=-50%2C50&NUMCOLORBANDS=20&ABOVEMAXCOLOR=extend&BELOWMINCOLOR=extend&BGCOLOR=extend&LOGSCALE=false&SERVICE=WMS&VERSION=1.1.1&REQUEST=GetMap&SRS=EPSG%3A4326&BBOX=-180,-90,-57.12,32.88&WIDTH=256&HEIGHT=256 HTTP/1.0" 200 3676
172.25.0.1 - - [17/Feb/2025:00:17:01 +0000] "GET /thredds/wms/POP/model/regional/copernicus/nrt/daily/ssh/latest4.ncml?request=GetMetadata&item=minmax&layers=sla&styles=default-scalar&version=1.1.1&bbox=-180%2C-144%2C180%2C144&srs=CRS%3A84&crs=CRS%3A84&time=2025-02-16T00%3A00%3A00.000Z&height=100&width=100 HTTP/1.0" 200 28
172.25.0.1 - - [17/Feb/2025:00:17:01 +0000] "GET /thredds/wms/POP/model/regional/copernicus/nrt/daily/ssh/latest4.ncml?FORMAT=image%2Fpng&TRANSPARENT=TRUE&STYLES=default-scalar%2Fpsu-viridis&LAYERS=sla&TIME=2025-02-16T00%3A00%3A00.000Z&COLORSCALERANGE=-0.2904%2C0.7554&NUMCOLORBANDS=20&ABOVEMAXCOLOR=extend&BELOWMINCOLOR=extend&BGCOLOR=extend&LOGSCALE=false&SERVICE=WMS&VERSION=1.1.1&REQUEST=GetMap&SRS=EPSG%3A4326&BBOX=-57.12,-90,65.76,32.88&WIDTH=256&HEIGHT=256 HTTP/1.0" 200 334
172.25.0.1 - - [17/Feb/2025:00:17:01 +0000] "GET /thredds/wms/POP/model/regional/copernicus/nrt/daily/ssh/latest4.ncml?FORMAT=image%2Fpng&TRANSPARENT=TRUE&STYLES=default-scalar%2Fpsu-viridis&LAYERS=sla&TIME=2025-02-16T00%3A00%3A00.000Z&COLORSCALERANGE=-0.2904%2C0.7554&NUMCOLORBANDS=20&ABOVEMAXCOLOR=extend&BELOWMINCOLOR=extend&BGCOLOR=extend&LOGSCALE=false&SERVICE=WMS&VERSION=1.1.1&REQUEST=GetMap&SRS=EPSG%3A4326&BBOX=-57.12,32.88,65.76,155.76&WIDTH=256&HEIGHT=256 HTTP/1.0" 200 334
172.25.0.1 - - [17/Feb/2025:00:17:01 +0000] "GET /thredds/wms/POP/model/regional/copernicus/nrt/daily/ssh/latest4.ncml?FORMAT=image%2Fpng&TRANSPARENT=TRUE&STYLES=default-scalar%2Fpsu-viridis&LAYERS=sla&TIME=2025-02-16T00%3A00%3A00.000Z&COLORSCALERANGE=-0.2904%2C0.7554&NUMCOLORBANDS=20&ABOVEMAXCOLOR=extend&BELOWMINCOLOR=extend&BGCOLOR=extend&LOGSCALE=false&SERVICE=WMS&VERSION=1.1.1&REQUEST=GetMap&SRS=EPSG%3A4326&BBOX=-180,32.88,-57.12,155.76&WIDTH=256&HEIGHT=256 HTTP/1.0" 200 2516
172.25.0.1 - - [17/Feb/2025:00:17:01 +0000] "GET /thredds/wms/POP/model/regional/copernicus/nrt/daily/ssh/latest4.ncml?FORMAT=image%2Fpng&TRANSPARENT=TRUE&STYLES=default-scalar%2Fpsu-viridis&LAYERS=sla&TIME=2025-02-16T00%3A00%3A00.000Z&COLORSCALERANGE=-0.2904%2C0.7554&NUMCOLORBANDS=20&ABOVEMAXCOLOR=extend&BELOWMINCOLOR=extend&BGCOLOR=extend&LOGSCALE=false&SERVICE=WMS&VERSION=1.1.1&REQUEST=GetMap&SRS=EPSG%3A4326&BBOX=-171.36,-90,-48.48,32.88&WIDTH=256&HEIGHT=256 HTTP/1.0" 200 12288
172.25.0.1 - - [17/Feb/2025:00:17:01 +0000] "GET /thredds/wms/POP/model/regional/copernicus/nrt/daily/ssh/latest4.ncml?FORMAT=image%2Fpng&TRANSPARENT=TRUE&STYLES=default-scalar%2Fpsu-viridis&LAYERS=sla&TIME=2025-02-16T00%3A00%3A00.000Z&COLORSCALERANGE=-0.2904%2C0.7554&NUMCOLORBANDS=20&ABOVEMAXCOLOR=extend&BELOWMINCOLOR=extend&BGCOLOR=extend&LOGSCALE=false&SERVICE=WMS&VERSION=1.1.1&REQUEST=GetMap&SRS=EPSG%3A4326&BBOX=-171.36,32.88,-48.48,155.76&WIDTH=256&HEIGHT=256 HTTP/1.0" 200 2302
172.25.0.1 - - [17/Feb/2025:00:17:01 +0000] "GET /thredds/wms/POP/model/regional/copernicus/nrt/daily/ssh/latest4.ncml?FORMAT=image%2Fpng&TRANSPARENT=TRUE&STYLES=default-scalar%2Fpsu-viridis&LAYERS=sla&TIME=2025-02-16T00%3A00%3A00.000Z&COLORSCALERANGE=-0.2904%2C0.7554&NUMCOLORBANDS=20&ABOVEMAXCOLOR=extend&BELOWMINCOLOR=extend&BGCOLOR=extend&LOGSCALE=false&SERVICE=WMS&VERSION=1.1.1&REQUEST=GetMap&SRS=EPSG%3A4326&BBOX=-180,-90,-57.12,32.88&WIDTH=256&HEIGHT=256 HTTP/1.0" 200 13286
172.25.0.1 - - [17/Feb/2025:00:17:01 +0000] "GET /thredds/wms/POP/model/regional/copernicus/nrt/daily/ssh/latest4.ncml?FORMAT=image%2Fpng&TRANSPARENT=TRUE&STYLES=default-scalar%2Fpsu-viridis&LAYERS=sla&TIME=2025-02-16T00%3A00%3A00.000Z&COLORSCALERANGE=-0.2904%2C0.7554&NUMCOLORBANDS=20&ABOVEMAXCOLOR=extend&BELOWMINCOLOR=extend&BGCOLOR=extend&LOGSCALE=false&SERVICE=WMS&VERSION=1.1.1&REQUEST=GetMap&SRS=EPSG%3A4326&BBOX=-294.24,32.88,-171.36,155.76&WIDTH=256&HEIGHT=256 HTTP/1.0" 200 2808
172.25.0.1 - - [17/Feb/2025:00:17:01 +0000] "GET /thredds/wms/POP/model/regional/copernicus/nrt/daily/ssh/latest4.ncml?FORMAT=image%2Fpng&TRANSPARENT=TRUE&STYLES=default-scalar%2Fpsu-viridis&LAYERS=sla&TIME=2025-02-16T00%3A00%3A00.000Z&COLORSCALERANGE=-0.2904%2C0.7554&NUMCOLORBANDS=20&ABOVEMAXCOLOR=extend&BELOWMINCOLOR=extend&BGCOLOR=extend&LOGSCALE=false&SERVICE=WMS&VERSION=1.1.1&REQUEST=GetMap&SRS=EPSG%3A4326&BBOX=-294.24,-90,-171.36,32.88&WIDTH=256&HEIGHT=256 HTTP/1.0" 200 12039
172.25.0.1 - - [17/Feb/2025:00:17:03 +0000] "GET /thredds/Godiva.html?server=http%3A%2F%2Flocalhost%3A8081%2Fthredds%2Fwms%2FPOP%2Fmodel%2Fregional%2Fcopernicus%2Fnrt%2Fdaily%2Fssh%2Flatest4.ncml HTTP/1.0" 200 814
172.25.0.1 - - [17/Feb/2025:00:17:03 +0000] "GET /thredds/getconfig HTTP/1.0" 404 675
127.0.0.1 - - [17/Feb/2025:00:17:09 +0000] "GET /thredds/catalog.html HTTP/1.1" 302 -
127.0.0.1 - - [17/Feb/2025:00:17:19 +0000] "GET /thredds/catalog.html HTTP/1.1" 302 -
127.0.0.1 - - [17/Feb/2025:00:17:29 +0000] "GET /thredds/catalog.html HTTP/1.1" 302 -
127.0.0.1 - - [17/Feb/2025:00:17:39 +0000] "GET /thredds/catalog.html HTTP/1.1" 302 -
127.0.0.1 - - [17/Feb/2025:00:17:49 +0000] "GET /thredds/catalog.html HTTP/1.1" 302 -
127.0.0.1 - - [17/Feb/2025:00:17:59 +0000] "GET /thredds/catalog.html HTTP/1.1" 302 -
127.0.0.1 - - [17/Feb/2025:00:18:09 +0000] "GET /thredds/catalog.html HTTP/1.1" 302 -
127.0.0.1 - - [17/Feb/2025:00:18:19 +0000] "GET /thredds/catalog.html HTTP/1.1" 302 -
172.25.0.1 - - [17/Feb/2025:00:18:28 +0000] "GET /thredds/catalog/POP/model/regional/copernicus/nrt/daily/ssh/catalog.html HTTP/1.0" 200 37660
172.25.0.1 - - [17/Feb/2025:00:18:28 +0000] "GET /thredds/catalog/POP/model/regional/copernicus/nrt/daily/ssh/catalog.html HTTP/1.0" 200 37660
172.25.0.1 - - [17/Feb/2025:00:18:28 +0000] "GET /thredds/catalog/POP/model/regional/copernicus/nrt/daily/ssh/catalog.html HTTP/1.0" 200 37660
127.0.0.1 - - [17/Feb/2025:00:18:29 +0000] "GET /thredds/catalog.html HTTP/1.1" 302 -
172.25.0.1 - - [17/Feb/2025:00:18:30 +0000] "GET /thredds/catalog/POP/model/regional/copernicus/nrt/daily/ssh/catalog.html?dataset=POPdata/model/regional/copernicus/nrt/daily/ssh/bb.ncml HTTP/1.0" 200 10179
172.25.0.1 - - [17/Feb/2025:00:18:33 +0000] "GET /thredds/wcs/POP/model/regional/copernicus/nrt/daily/ssh/bb.ncml?service=WCS&version=1.0.0&request=GetCapabilities HTTP/1.0" 200 1874
127.0.0.1 - - [17/Feb/2025:00:18:39 +0000] "GET /thredds/catalog.html HTTP/1.1" 302 -
172.25.0.1 - - [17/Feb/2025:00:18:39 +0000] "GET /thredds/ncml/POP/model/regional/copernicus/nrt/daily/ssh/bb.ncml HTTP/1.0" 404 675
172.25.0.1 - - [17/Feb/2025:00:18:43 +0000] "GET /thredds/uddc/POP/model/regional/copernicus/nrt/daily/ssh/bb.ncml HTTP/1.0" 404 675
172.25.0.1 - - [17/Feb/2025:00:18:48 +0000] "GET /thredds/dap4/POP/model/regional/copernicus/nrt/daily/ssh/bb.ncml.dsr.html HTTP/1.0" 200 94004
127.0.0.1 - - [17/Feb/2025:00:18:49 +0000] "GET /thredds/catalog.html HTTP/1.1" 302 -
172.25.0.1 - - [17/Feb/2025:00:18:56 +0000] "GET /thredds/Godiva.html?server=http%3A%2F%2Flocalhost%3A8081%2Fthredds%2Fwms%2FPOP%2Fmodel%2Fregional%2Fcopernicus%2Fnrt%2Fdaily%2Fssh%2Fbb.ncml HTTP/1.0" 200 814
172.25.0.1 - - [17/Feb/2025:00:18:56 +0000] "GET /thredds/getconfig HTTP/1.0" 404 675
127.0.0.1 - - [17/Feb/2025:00:18:59 +0000] "GET /thredds/catalog.html HTTP/1.1" 302 -
172.25.0.1 - - [17/Feb/2025:00:19:03 +0000] "GET /thredds/Godiva.html?server=https://dev-oceanportal.spc.int/thredds%2Fwms%2FPOP%2Fmodel%2Fregional%2Fcopernicus%2Fnrt%2Fdaily%2Fssh%2Fbb.ncml HTTP/1.0" 200 814
172.25.0.1 - - [17/Feb/2025:00:19:03 +0000] "GET /thredds/getconfig HTTP/1.0" 404 675
172.25.0.1 - - [17/Feb/2025:00:19:03 +0000] "GET /thredds/wms/POP/model/regional/copernicus/nrt/daily/ssh/bb.ncml?request=GetMetadata&item=menu HTTP/1.0" 200 339
172.25.0.1 - - [17/Feb/2025:00:19:04 +0000] "GET /thredds/wms/POP/model/regional/copernicus/nrt/daily/ssh/bb.ncml?request=GetMetadata&item=layerDetails&layerName=sla HTTP/1.0" 200 4623
172.25.0.1 - - [17/Feb/2025:00:19:04 +0000] "GET /thredds/wms/POP/model/regional/copernicus/nrt/daily/ssh/bb.ncml?request=GetMetadata&item=timesteps&layerName=sla&day=2025-02-16 HTTP/1.0" 200 31
172.25.0.1 - - [17/Feb/2025:00:19:04 +0000] "GET /thredds/wms/POP/model/regional/copernicus/nrt/daily/ssh/bb.ncml?request=GetLegendGraphic&height=600&width=1&numcolorbands=20&colorbaronly=true&vertical=true&palette=psu-viridis HTTP/1.0" 200 174
172.25.0.1 - - [17/Feb/2025:00:19:05 +0000] "GET /thredds/wms/POP/model/regional/copernicus/nrt/daily/ssh/bb.ncml?FORMAT=image%2Fpng&TRANSPARENT=TRUE&STYLES=default-scalar%2Fpsu-viridis&LAYERS=sla&TIME=2025-02-16T00%3A00%3A00.000Z&COLORSCALERANGE=-50%2C50&NUMCOLORBANDS=20&ABOVEMAXCOLOR=extend&BELOWMINCOLOR=extend&BGCOLOR=extend&LOGSCALE=false&SERVICE=WMS&VERSION=1.1.1&REQUEST=GetMap&SRS=EPSG%3A4326&BBOX=-57.12,-90,65.76,32.88&WIDTH=256&HEIGHT=256 HTTP/1.0" 200 334
172.25.0.1 - - [17/Feb/2025:00:19:05 +0000] "GET /thredds/wms/POP/model/regional/copernicus/nrt/daily/ssh/bb.ncml?FORMAT=image%2Fpng&TRANSPARENT=TRUE&STYLES=default-scalar%2Fpsu-viridis&LAYERS=sla&TIME=2025-02-16T00%3A00%3A00.000Z&COLORSCALERANGE=-50%2C50&NUMCOLORBANDS=20&ABOVEMAXCOLOR=extend&BELOWMINCOLOR=extend&BGCOLOR=extend&LOGSCALE=false&SERVICE=WMS&VERSION=1.1.1&REQUEST=GetMap&SRS=EPSG%3A4326&BBOX=-57.12,32.88,65.76,155.76&WIDTH=256&HEIGHT=256 HTTP/1.0" 200 334
172.25.0.1 - - [17/Feb/2025:00:19:05 +0000] "GET /thredds/wms/POP/model/regional/copernicus/nrt/daily/ssh/bb.ncml?FORMAT=image%2Fpng&TRANSPARENT=TRUE&STYLES=default-scalar%2Fpsu-viridis&LAYERS=sla&TIME=2025-02-16T00%3A00%3A00.000Z&COLORSCALERANGE=-50%2C50&NUMCOLORBANDS=20&ABOVEMAXCOLOR=extend&BELOWMINCOLOR=extend&BGCOLOR=extend&LOGSCALE=false&SERVICE=WMS&VERSION=1.1.1&REQUEST=GetMap&SRS=EPSG%3A4326&BBOX=-180,32.88,-57.12,155.76&WIDTH=256&HEIGHT=256 HTTP/1.0" 200 929
172.25.0.1 - - [17/Feb/2025:00:19:05 +0000] "GET /thredds/wms/POP/model/regional/copernicus/nrt/daily/ssh/bb.ncml?FORMAT=image%2Fpng&TRANSPARENT=TRUE&STYLES=default-scalar%2Fpsu-viridis&LAYERS=sla&TIME=2025-02-16T00%3A00%3A00.000Z&COLORSCALERANGE=-50%2C50&NUMCOLORBANDS=20&ABOVEMAXCOLOR=extend&BELOWMINCOLOR=extend&BGCOLOR=extend&LOGSCALE=false&SERVICE=WMS&VERSION=1.1.1&REQUEST=GetMap&SRS=EPSG%3A4326&BBOX=-171.36,32.88,-48.48,155.76&WIDTH=256&HEIGHT=256 HTTP/1.0" 200 922
172.25.0.1 - - [17/Feb/2025:00:19:05 +0000] "GET /thredds/wms/POP/model/regional/copernicus/nrt/daily/ssh/bb.ncml?FORMAT=image%2Fpng&TRANSPARENT=TRUE&STYLES=default-scalar%2Fpsu-viridis&LAYERS=sla&TIME=2025-02-16T00%3A00%3A00.000Z&COLORSCALERANGE=-50%2C50&NUMCOLORBANDS=20&ABOVEMAXCOLOR=extend&BELOWMINCOLOR=extend&BGCOLOR=extend&LOGSCALE=false&SERVICE=WMS&VERSION=1.1.1&REQUEST=GetMap&SRS=EPSG%3A4326&BBOX=-294.24,32.88,-171.36,155.76&WIDTH=256&HEIGHT=256 HTTP/1.0" 200 1289
172.25.0.1 - - [17/Feb/2025:00:19:05 +0000] "GET /thredds/wms/POP/model/regional/copernicus/nrt/daily/ssh/bb.ncml?FORMAT=image%2Fpng&TRANSPARENT=TRUE&STYLES=default-scalar%2Fpsu-viridis&LAYERS=sla&TIME=2025-02-16T00%3A00%3A00.000Z&COLORSCALERANGE=-50%2C50&NUMCOLORBANDS=20&ABOVEMAXCOLOR=extend&BELOWMINCOLOR=extend&BGCOLOR=extend&LOGSCALE=false&SERVICE=WMS&VERSION=1.1.1&REQUEST=GetMap&SRS=EPSG%3A4326&BBOX=-294.24,-90,-171.36,32.88&WIDTH=256&HEIGHT=256 HTTP/1.0" 200 3907
172.25.0.1 - - [17/Feb/2025:00:19:05 +0000] "GET /thredds/wms/POP/model/regional/copernicus/nrt/daily/ssh/bb.ncml?FORMAT=image%2Fpng&TRANSPARENT=TRUE&STYLES=default-scalar%2Fpsu-viridis&LAYERS=sla&TIME=2025-02-16T00%3A00%3A00.000Z&COLORSCALERANGE=-50%2C50&NUMCOLORBANDS=20&ABOVEMAXCOLOR=extend&BELOWMINCOLOR=extend&BGCOLOR=extend&LOGSCALE=false&SERVICE=WMS&VERSION=1.1.1&REQUEST=GetMap&SRS=EPSG%3A4326&BBOX=-180,-90,-57.12,32.88&WIDTH=256&HEIGHT=256 HTTP/1.0" 200 3676
172.25.0.1 - - [17/Feb/2025:00:19:05 +0000] "GET /thredds/wms/POP/model/regional/copernicus/nrt/daily/ssh/bb.ncml?FORMAT=image%2Fpng&TRANSPARENT=TRUE&STYLES=default-scalar%2Fpsu-viridis&LAYERS=sla&TIME=2025-02-16T00%3A00%3A00.000Z&COLORSCALERANGE=-50%2C50&NUMCOLORBANDS=20&ABOVEMAXCOLOR=extend&BELOWMINCOLOR=extend&BGCOLOR=extend&LOGSCALE=false&SERVICE=WMS&VERSION=1.1.1&REQUEST=GetMap&SRS=EPSG%3A4326&BBOX=-171.36,-90,-48.48,32.88&WIDTH=256&HEIGHT=256 HTTP/1.0" 200 3651
172.25.0.1 - - [17/Feb/2025:00:19:06 +0000] "GET /thredds/wms/POP/model/regional/copernicus/nrt/daily/ssh/bb.ncml?request=GetMetadata&item=minmax&layers=sla&styles=default-scalar&version=1.1.1&bbox=-180%2C-144%2C180%2C144&srs=CRS%3A84&crs=CRS%3A84&time=2025-02-16T00%3A00%3A00.000Z&height=100&width=100 HTTP/1.0" 200 28
172.25.0.1 - - [17/Feb/2025:00:19:06 +0000] "GET /thredds/wms/POP/model/regional/copernicus/nrt/daily/ssh/bb.ncml?FORMAT=image%2Fpng&TRANSPARENT=TRUE&STYLES=default-scalar%2Fpsu-viridis&LAYERS=sla&TIME=2025-02-16T00%3A00%3A00.000Z&COLORSCALERANGE=-0.2904%2C0.7554&NUMCOLORBANDS=20&ABOVEMAXCOLOR=extend&BELOWMINCOLOR=extend&BGCOLOR=extend&LOGSCALE=false&SERVICE=WMS&VERSION=1.1.1&REQUEST=GetMap&SRS=EPSG%3A4326&BBOX=-57.12,-90,65.76,32.88&WIDTH=256&HEIGHT=256 HTTP/1.0" 200 334
172.25.0.1 - - [17/Feb/2025:00:19:06 +0000] "GET /thredds/wms/POP/model/regional/copernicus/nrt/daily/ssh/bb.ncml?FORMAT=image%2Fpng&TRANSPARENT=TRUE&STYLES=default-scalar%2Fpsu-viridis&LAYERS=sla&TIME=2025-02-16T00%3A00%3A00.000Z&COLORSCALERANGE=-0.2904%2C0.7554&NUMCOLORBANDS=20&ABOVEMAXCOLOR=extend&BELOWMINCOLOR=extend&BGCOLOR=extend&LOGSCALE=false&SERVICE=WMS&VERSION=1.1.1&REQUEST=GetMap&SRS=EPSG%3A4326&BBOX=-57.12,32.88,65.76,155.76&WIDTH=256&HEIGHT=256 HTTP/1.0" 200 334
172.25.0.1 - - [17/Feb/2025:00:19:06 +0000] "GET /thredds/wms/POP/model/regional/copernicus/nrt/daily/ssh/bb.ncml?FORMAT=image%2Fpng&TRANSPARENT=TRUE&STYLES=default-scalar%2Fpsu-viridis&LAYERS=sla&TIME=2025-02-16T00%3A00%3A00.000Z&COLORSCALERANGE=-0.2904%2C0.7554&NUMCOLORBANDS=20&ABOVEMAXCOLOR=extend&BELOWMINCOLOR=extend&BGCOLOR=extend&LOGSCALE=false&SERVICE=WMS&VERSION=1.1.1&REQUEST=GetMap&SRS=EPSG%3A4326&BBOX=-171.36,32.88,-48.48,155.76&WIDTH=256&HEIGHT=256 HTTP/1.0" 200 2302
172.25.0.1 - - [17/Feb/2025:00:19:06 +0000] "GET /thredds/wms/POP/model/regional/copernicus/nrt/daily/ssh/bb.ncml?FORMAT=image%2Fpng&TRANSPARENT=TRUE&STYLES=default-scalar%2Fpsu-viridis&LAYERS=sla&TIME=2025-02-16T00%3A00%3A00.000Z&COLORSCALERANGE=-0.2904%2C0.7554&NUMCOLORBANDS=20&ABOVEMAXCOLOR=extend&BELOWMINCOLOR=extend&BGCOLOR=extend&LOGSCALE=false&SERVICE=WMS&VERSION=1.1.1&REQUEST=GetMap&SRS=EPSG%3A4326&BBOX=-180,-90,-57.12,32.88&WIDTH=256&HEIGHT=256 HTTP/1.0" 200 13286
172.25.0.1 - - [17/Feb/2025:00:19:06 +0000] "GET /thredds/wms/POP/model/regional/copernicus/nrt/daily/ssh/bb.ncml?FORMAT=image%2Fpng&TRANSPARENT=TRUE&STYLES=default-scalar%2Fpsu-viridis&LAYERS=sla&TIME=2025-02-16T00%3A00%3A00.000Z&COLORSCALERANGE=-0.2904%2C0.7554&NUMCOLORBANDS=20&ABOVEMAXCOLOR=extend&BELOWMINCOLOR=extend&BGCOLOR=extend&LOGSCALE=false&SERVICE=WMS&VERSION=1.1.1&REQUEST=GetMap&SRS=EPSG%3A4326&BBOX=-294.24,32.88,-171.36,155.76&WIDTH=256&HEIGHT=256 HTTP/1.0" 200 2808
172.25.0.1 - - [17/Feb/2025:00:19:06 +0000] "GET /thredds/wms/POP/model/regional/copernicus/nrt/daily/ssh/bb.ncml?FORMAT=image%2Fpng&TRANSPARENT=TRUE&STYLES=default-scalar%2Fpsu-viridis&LAYERS=sla&TIME=2025-02-16T00%3A00%3A00.000Z&COLORSCALERANGE=-0.2904%2C0.7554&NUMCOLORBANDS=20&ABOVEMAXCOLOR=extend&BELOWMINCOLOR=extend&BGCOLOR=extend&LOGSCALE=false&SERVICE=WMS&VERSION=1.1.1&REQUEST=GetMap&SRS=EPSG%3A4326&BBOX=-294.24,-90,-171.36,32.88&WIDTH=256&HEIGHT=256 HTTP/1.0" 200 12039
172.25.0.1 - - [17/Feb/2025:00:19:06 +0000] "GET /thredds/wms/POP/model/regional/copernicus/nrt/daily/ssh/bb.ncml?FORMAT=image%2Fpng&TRANSPARENT=TRUE&STYLES=default-scalar%2Fpsu-viridis&LAYERS=sla&TIME=2025-02-16T00%3A00%3A00.000Z&COLORSCALERANGE=-0.2904%2C0.7554&NUMCOLORBANDS=20&ABOVEMAXCOLOR=extend&BELOWMINCOLOR=extend&BGCOLOR=extend&LOGSCALE=false&SERVICE=WMS&VERSION=1.1.1&REQUEST=GetMap&SRS=EPSG%3A4326&BBOX=-180,32.88,-57.12,155.76&WIDTH=256&HEIGHT=256 HTTP/1.0" 200 2516
172.25.0.1 - - [17/Feb/2025:00:19:06 +0000] "GET /thredds/wms/POP/model/regional/copernicus/nrt/daily/ssh/bb.ncml?FORMAT=image%2Fpng&TRANSPARENT=TRUE&STYLES=default-scalar%2Fpsu-viridis&LAYERS=sla&TIME=2025-02-16T00%3A00%3A00.000Z&COLORSCALERANGE=-0.2904%2C0.7554&NUMCOLORBANDS=20&ABOVEMAXCOLOR=extend&BELOWMINCOLOR=extend&BGCOLOR=extend&LOGSCALE=false&SERVICE=WMS&VERSION=1.1.1&REQUEST=GetMap&SRS=EPSG%3A4326&BBOX=-171.36,-90,-48.48,32.88&WIDTH=256&HEIGHT=256 HTTP/1.0" 200 12288
172.25.0.1 - - [17/Feb/2025:00:19:06 +0000] "GET /thredds/wms/POP/model/regional/copernicus/nrt/daily/ssh/bb.ncml?request=GetMetadata&item=minmax&layers=sla&styles=default-scalar&version=1.1.1&bbox=-180%2C-144%2C180%2C144&srs=CRS%3A84&crs=CRS%3A84&time=2025-02-16T00%3A00%3A00.000Z&height=100&width=100 HTTP/1.0" 200 28
127.0.0.1 - - [17/Feb/2025:00:19:09 +0000] "GET /thredds/catalog.html HTTP/1.1" 302 -
127.0.0.1 - - [17/Feb/2025:00:19:20 +0000] "GET /thredds/catalog.html HTTP/1.1" 302 -
127.0.0.1 - - [17/Feb/2025:00:19:30 +0000] "GET /thredds/catalog.html HTTP/1.1" 302 -
172.25.0.1 - - [17/Feb/2025:00:19:34 +0000] "GET /thredds/wms/POP/model/regional/copernicus/nrt/daily/ssh/bb.ncml?LAYERS=sla&QUERY_LAYERS=sla&STYLES=default-scalar%2Fpsu-viridis&SERVICE=WMS&VERSION=1.1.1&REQUEST=GetFeatureInfo&BBOX=-180%2C-144.48%2C180%2C143.52&FEATURE_COUNT=5&HEIGHT=600&WIDTH=750&FORMAT=image%2Fpng&INFO_FORMAT=text%2Fxml&SRS=EPSG%3A4326&X=703&Y=307&TIME=2025-02-16T00%3A00%3A00.000Z HTTP/1.0" 200 332
127.0.0.1 - - [17/Feb/2025:00:19:40 +0000] "GET /thredds/catalog.html HTTP/1.1" 302 -
127.0.0.1 - - [17/Feb/2025:00:19:50 +0000] "GET /thredds/catalog.html HTTP/1.1" 302 -
127.0.0.1 - - [17/Feb/2025:00:20:00 +0000] "GET /thredds/catalog.html HTTP/1.1" 302 -
127.0.0.1 - - [17/Feb/2025:00:20:10 +0000] "GET /thredds/catalog.html HTTP/1.1" 302 -
127.0.0.1 - - [17/Feb/2025:00:20:20 +0000] "GET /thredds/catalog.html HTTP/1.1" 302 -
127.0.0.1 - - [17/Feb/2025:00:20:30 +0000] "GET /thredds/catalog.html HTTP/1.1" 302 -
127.0.0.1 - - [17/Feb/2025:00:20:40 +0000] "GET /thredds/catalog.html HTTP/1.1" 302 -
127.0.0.1 - - [17/Feb/2025:00:20:50 +0000] "GET /thredds/catalog.html HTTP/1.1" 302 -
127.0.0.1 - - [17/Feb/2025:00:21:00 +0000] "GET /thredds/catalog.html HTTP/1.1" 302 -
172.25.0.1 - - [17/Feb/2025:00:21:07 +0000] "GET /thredds/getconfig HTTP/1.0" 404 675
127.0.0.1 - - [17/Feb/2025:00:21:10 +0000] "GET /thredds/catalog.html HTTP/1.1" 302 -
127.0.0.1 - - [17/Feb/2025:00:21:47 +0000] "GET /thredds/catalog.html HTTP/1.1" 302 -
127.0.0.1 - - [17/Feb/2025:00:21:47 +0000] "GET /thredds/catalog.html HTTP/1.1" 302 -
172.25.0.1 - - [17/Feb/2025:00:21:48 +0000] "GET /thredds/catalog/POP/model/regional/copernicus/nrt/daily/ssh/catalog.html HTTP/1.0" 200 37662
172.25.0.1 - - [17/Feb/2025:00:21:55 +0000] "GET /thredds/catalog/POP/model/regional/copernicus/nrt/daily/ssh/catalog.html HTTP/1.0" 200 37662
172.25.0.1 - - [17/Feb/2025:00:21:56 +0000] "GET /thredds/catalog/POP/model/regional/copernicus/nrt/daily/ssh/catalog.html?dataset=POPdata/model/regional/copernicus/nrt/daily/ssh/cat.ncml HTTP/1.0" 200 10194
127.0.0.1 - - [17/Feb/2025:00:21:57 +0000] "GET /thredds/catalog.html HTTP/1.1" 302 -
172.25.0.1 - - [17/Feb/2025:00:21:58 +0000] "GET /thredds/Godiva.html?server=http%3A%2F%2Flocalhost%3A8081%2Fthredds%2Fwms%2FPOP%2Fmodel%2Fregional%2Fcopernicus%2Fnrt%2Fdaily%2Fssh%2Fcat.ncml HTTP/1.0" 200 814
172.25.0.1 - - [17/Feb/2025:00:21:58 +0000] "GET /thredds/getconfig HTTP/1.0" 404 675
172.25.0.1 - - [17/Feb/2025:00:21:58 +0000] "GET /thredds/godiva3/img/openlayers/north-mini.png HTTP/1.0" 200 378
172.25.0.1 - - [17/Feb/2025:00:21:58 +0000] "GET /thredds/godiva3/img/openlayers/layer-switcher-minimize.png HTTP/1.0" 200 220
172.25.0.1 - - [17/Feb/2025:00:21:58 +0000] "GET /thredds/godiva3/img/lock_open.png HTTP/1.0" 200 727
172.25.0.1 - - [17/Feb/2025:00:21:58 +0000] "GET /thredds/godiva3/img/openlayers/zoom-plus-mini.png HTTP/1.0" 200 386
172.25.0.1 - - [17/Feb/2025:00:21:58 +0000] "GET /thredds/godiva3/img/openlayers/west-mini.png HTTP/1.0" 200 360
172.25.0.1 - - [17/Feb/2025:00:21:58 +0000] "GET /thredds/godiva3/img/openlayers/east-mini.png HTTP/1.0" 200 342
172.25.0.1 - - [17/Feb/2025:00:21:58 +0000] "GET /thredds/godiva3/img/stop.png HTTP/1.0" 200 776
172.25.0.1 - - [17/Feb/2025:00:21:58 +0000] "GET /thredds/godiva3/img/openlayers/zoom-minus-mini.png HTTP/1.0" 200 291
172.25.0.1 - - [17/Feb/2025:00:21:58 +0000] "GET /thredds/godiva3/img/openlayers/zoom-world-mini.png HTTP/1.0" 200 882
172.25.0.1 - - [17/Feb/2025:00:21:58 +0000] "GET /thredds/godiva3/img/film.png HTTP/1.0" 200 653
172.25.0.1 - - [17/Feb/2025:00:21:58 +0000] "GET /thredds/godiva3/img/info.png HTTP/1.0" 200 778
172.25.0.1 - - [17/Feb/2025:00:21:58 +0000] "GET /thredds/godiva3/img/loading.gif HTTP/1.0" 200 10819
172.25.0.1 - - [17/Feb/2025:00:21:58 +0000] "GET /thredds/godiva3/clear.cache.gif HTTP/1.0" 200 43
172.25.0.1 - - [17/Feb/2025:00:21:58 +0000] "GET /thredds/godiva3/img/logo.png HTTP/1.0" 200 12009
172.25.0.1 - - [17/Feb/2025:00:21:58 +0000] "GET /thredds/godiva3/img/openlayers/south-mini.png HTTP/1.0" 200 373
172.25.0.1 - - [17/Feb/2025:00:21:58 +0000] "GET /thredds/godiva3/img/extents.png HTTP/1.0" 200 434
172.25.0.1 - - [17/Feb/2025:00:21:58 +0000] "GET /thredds/godiva3/img/lock.png HTTP/1.0" 200 749
172.25.0.1 - - [17/Feb/2025:00:21:58 +0000] "GET /thredds/godiva3/img/color_wheel.png HTTP/1.0" 200 892
127.0.0.1 - - [17/Feb/2025:00:22:07 +0000] "GET /thredds/catalog.html HTTP/1.1" 302 -
172.25.0.1 - - [17/Feb/2025:00:22:07 +0000] "GET /thredds/Godiva.html?server=https://dev-oceanportal.spc.int/thredds%2Fwms%2FPOP%2Fmodel%2Fregional%2Fcopernicus%2Fnrt%2Fdaily%2Fssh%2Fcat.ncml HTTP/1.0" 200 814
172.25.0.1 - - [17/Feb/2025:00:22:07 +0000] "GET /thredds/getconfig HTTP/1.0" 404 675
172.25.0.1 - - [17/Feb/2025:00:22:13 +0000] "GET /thredds/wms/POP/model/regional/copernicus/nrt/daily/ssh/cat.ncml?request=GetMetadata&item=menu HTTP/1.0" 200 339
172.25.0.1 - - [17/Feb/2025:00:22:15 +0000] "GET /thredds/wms/POP/model/regional/copernicus/nrt/daily/ssh/cat.ncml?request=GetMetadata&item=layerDetails&layerName=sla HTTP/1.0" 200 4623
172.25.0.1 - - [17/Feb/2025:00:22:15 +0000] "GET /thredds/wms/POP/model/regional/copernicus/nrt/daily/ssh/cat.ncml?request=GetMetadata&item=timesteps&layerName=sla&day=2025-02-16 HTTP/1.0" 200 31
172.25.0.1 - - [17/Feb/2025:00:22:15 +0000] "GET /thredds/wms/POP/model/regional/copernicus/nrt/daily/ssh/cat.ncml?request=GetLegendGraphic&height=600&width=1&numcolorbands=20&colorbaronly=true&vertical=true&palette=psu-viridis HTTP/1.0" 200 174
172.25.0.1 - - [17/Feb/2025:00:22:15 +0000] "GET /thredds/wms/POP/model/regional/copernicus/nrt/daily/ssh/cat.ncml?FORMAT=image%2Fpng&TRANSPARENT=TRUE&STYLES=default-scalar%2Fpsu-viridis&LAYERS=sla&TIME=2025-02-16T00%3A00%3A00.000Z&COLORSCALERANGE=-50%2C50&NUMCOLORBANDS=20&ABOVEMAXCOLOR=extend&BELOWMINCOLOR=extend&BGCOLOR=extend&LOGSCALE=false&SERVICE=WMS&VERSION=1.1.1&REQUEST=GetMap&SRS=EPSG%3A4326&BBOX=-57.12,32.88,65.76,155.76&WIDTH=256&HEIGHT=256 HTTP/1.0" 200 334
