172.25.0.1 - - [22/Jan/2025:00:26:12 +0000] "GET /thredds/wms/POP/model/regional/bom/forecast/monthly/accesss/seasonal_sst/sst.forecast.full_field.seasonal.nc?FORMAT=image%2Fpng&TRANSPARENT=TRUE&STYLES=default-scalar%2Fpsu-viridis&LAYERS=sst_clim&TIME=2025-03-16T20%3A00%3A56.250Z&COLORSCALERANGE=-1.794%2C30.17&NUMCOLORBANDS=20&ABOVEMAXCOLOR=extend&BELOWMINCOLOR=extend&BGCOLOR=extend&LOGSCALE=false&SERVICE=WMS&VERSION=1.1.1&REQUEST=GetMap&SRS=EPSG%3A4326&BBOX=-180,-90,-57.12,32.88&WIDTH=256&HEIGHT=256 HTTP/1.0" 200 6053
172.25.0.1 - - [22/Jan/2025:00:26:12 +0000] "GET /thredds/wms/POP/model/regional/bom/forecast/monthly/accesss/seasonal_sst/sst.forecast.full_field.seasonal.nc?FORMAT=image%2Fpng&TRANSPARENT=TRUE&STYLES=default-scalar%2Fpsu-viridis&LAYERS=sst_clim&TIME=2025-03-16T20%3A00%3A56.250Z&COLORSCALERANGE=-1.794%2C30.17&NUMCOLORBANDS=20&ABOVEMAXCOLOR=extend&BELOWMINCOLOR=extend&BGCOLOR=extend&LOGSCALE=false&SERVICE=WMS&VERSION=1.1.1&REQUEST=GetMap&SRS=EPSG%3A4326&BBOX=-171.36,-90,-48.48,32.88&WIDTH=256&HEIGHT=256 HTTP/1.0" 200 6319
172.25.0.1 - - [22/Jan/2025:00:26:12 +0000] "GET /thredds/wms/POP/model/regional/bom/forecast/monthly/accesss/seasonal_sst/sst.forecast.full_field.seasonal.nc?FORMAT=image%2Fpng&TRANSPARENT=TRUE&STYLES=default-scalar%2Fpsu-viridis&LAYERS=sst_clim&TIME=2025-03-16T20%3A00%3A56.250Z&COLORSCALERANGE=-1.794%2C30.17&NUMCOLORBANDS=20&ABOVEMAXCOLOR=extend&BELOWMINCOLOR=extend&BGCOLOR=extend&LOGSCALE=false&SERVICE=WMS&VERSION=1.1.1&REQUEST=GetMap&SRS=EPSG%3A4326&BBOX=-57.12,32.88,65.76,155.76&WIDTH=256&HEIGHT=256 HTTP/1.0" 200 4553
127.0.0.1 - - [22/Jan/2025:00:26:12 +0000] "GET /thredds/catalog.html HTTP/1.1" 302 -
172.25.0.1 - - [22/Jan/2025:00:26:14 +0000] "GET /thredds/wms/POP/model/regional/bom/forecast/monthly/accesss/seasonal_sst/sst.forecast.full_field.seasonal.nc?request=GetMetadata&item=minmax&layers=sst_clim&styles=default-scalar&version=1.1.1&bbox=-180%2C-144%2C180%2C144&srs=CRS%3A84&crs=CRS%3A84&time=2025-03-16T20%3A00%3A56.250Z&height=100&width=100 HTTP/1.0" 200 26
172.25.0.1 - - [22/Jan/2025:00:26:18 +0000] "GET /thredds/wms/POP/model/regional/bom/forecast/monthly/accesss/seasonal_sst/sst.forecast.full_field.seasonal.nc?request=GetMetadata&item=layerDetails&layerName=sst&time=2025-03-16T20:00:56.250Z HTTP/1.0" 200 3415
172.25.0.1 - - [22/Jan/2025:00:26:18 +0000] "GET /thredds/wms/POP/model/regional/bom/forecast/monthly/accesss/seasonal_sst/sst.forecast.full_field.seasonal.nc?request=GetMetadata&item=timesteps&layerName=sst&day=2025-03-16 HTTP/1.0" 200 31
172.25.0.1 - - [22/Jan/2025:00:26:20 +0000] "GET /thredds/wms/POP/model/regional/bom/forecast/monthly/accesss/seasonal_sst/sst.forecast.full_field.seasonal.nc?request=GetMetadata&item=layerDetails&layerName=sst_clim&time=2025-03-16T20:00:56.250Z HTTP/1.0" 200 3415
172.25.0.1 - - [22/Jan/2025:00:26:20 +0000] "GET /thredds/wms/POP/model/regional/bom/forecast/monthly/accesss/seasonal_sst/sst.forecast.full_field.seasonal.nc?request=GetMetadata&item=timesteps&layerName=sst_clim&day=2025-03-16 HTTP/1.0" 200 31
127.0.0.1 - - [22/Jan/2025:00:26:22 +0000] "GET /thredds/catalog.html HTTP/1.1" 302 -
172.25.0.1 - - [22/Jan/2025:00:26:22 +0000] "GET /thredds/wms/POP/model/regional/bom/forecast/monthly/accesss/seasonal_sst/sst.forecast.full_field.seasonal.nc?request=GetMetadata&item=minmax&layers=sst_clim&styles=default-scalar&version=1.1.1&bbox=-180%2C-144%2C180%2C144&srs=CRS%3A84&crs=CRS%3A84&time=2025-03-16T20%3A00%3A56.250Z&height=100&width=100 HTTP/1.0" 200 26
172.25.0.1 - - [22/Jan/2025:00:26:23 +0000] "GET /thredds/wms/POP/model/regional/bom/forecast/monthly/accesss/seasonal_sst/sst.forecast.full_field.seasonal.nc?request=GetMetadata&item=minmax&layers=sst_clim&styles=default-scalar&version=1.1.1&bbox=-180%2C-144%2C180%2C144&srs=CRS%3A84&crs=CRS%3A84&time=2025-03-16T20%3A00%3A56.250Z&height=100&width=100 HTTP/1.0" 200 26
172.25.0.1 - - [22/Jan/2025:00:26:23 +0000] "GET /thredds/wms/POP/model/regional/bom/forecast/monthly/accesss/seasonal_sst/sst.forecast.full_field.seasonal.nc?request=GetMetadata&item=minmax&layers=sst_clim&styles=default-scalar&version=1.1.1&bbox=-180%2C-144%2C180%2C144&srs=CRS%3A84&crs=CRS%3A84&time=2025-03-16T20%3A00%3A56.250Z&height=100&width=100 HTTP/1.0" 200 26
172.25.0.1 - - [22/Jan/2025:00:26:23 +0000] "GET /thredds/wms/POP/model/regional/bom/forecast/monthly/accesss/seasonal_sst/sst.forecast.full_field.seasonal.nc?request=GetMetadata&item=minmax&layers=sst_clim&styles=default-scalar&version=1.1.1&bbox=-180%2C-144%2C180%2C144&srs=CRS%3A84&crs=CRS%3A84&time=2025-03-16T20%3A00%3A56.250Z&height=100&width=100 HTTP/1.0" 200 26
172.25.0.1 - - [22/Jan/2025:00:26:24 +0000] "GET /thredds/wms/POP/model/regional/bom/forecast/monthly/accesss/seasonal_sst/sst.forecast.full_field.seasonal.nc?request=GetMetadata&item=minmax&layers=sst_clim&styles=default-scalar&version=1.1.1&bbox=-180%2C-144%2C180%2C144&srs=CRS%3A84&crs=CRS%3A84&time=2025-03-16T20%3A00%3A56.250Z&height=100&width=100 HTTP/1.0" 200 26
172.25.0.1 - - [22/Jan/2025:00:26:24 +0000] "GET /thredds/wms/POP/model/regional/noaa/nrt/daily/sst_anomalies/latest.ncml?service=WMS&request=GetCapabilities&version=1.3.0 HTTP/1.0" 200 27378
127.0.0.1 - - [22/Jan/2025:00:26:32 +0000] "GET /thredds/catalog.html HTTP/1.1" 302 -
172.25.0.1 - - [22/Jan/2025:00:26:33 +0000] "GET /thredds/getconfig HTTP/1.0" 404 675
172.25.0.1 - - [22/Jan/2025:00:26:34 +0000] "GET /thredds/wms/POP/model/regional/noaa/nrt/daily/sst_anomalies/latest.ncml?service=WMS&request=GetCapabilities&version=1.3.0 HTTP/1.0" 200 27378
172.25.0.1 - - [22/Jan/2025:00:26:37 +0000] "GET /thredds/getconfig HTTP/1.0" 404 675
172.25.0.1 - - [22/Jan/2025:00:26:37 +0000] "GET /thredds/wms/POP/model/regional/bom/forecast/monthly/accesss/seasonal_sst/sst.forecast.full_field.seasonal.nc?request=GetMetadata&item=menu HTTP/1.0" 200 508
127.0.0.1 - - [22/Jan/2025:00:26:42 +0000] "GET /thredds/catalog.html HTTP/1.1" 302 -
172.25.0.1 - - [22/Jan/2025:00:26:43 +0000] "GET /thredds/godiva3/godiva3.nocache.js HTTP/1.0" 304 -
172.25.0.1 - - [22/Jan/2025:00:26:43 +0000] "GET /thredds/godiva3/36B0E540AC56668EEFE8D344EB03ECA6.cache.js HTTP/1.0" 304 -
172.25.0.1 - - [22/Jan/2025:00:26:44 +0000] "GET /thredds/getconfig HTTP/1.0" 404 675
172.25.0.1 - - [22/Jan/2025:00:26:44 +0000] "GET /thredds/wms/POP/model/regional/bom/forecast/monthly/accesss/seasonal_sst/sst.forecast.full_field.seasonal.nc?request=GetMetadata&item=menu HTTP/1.0" 200 508
172.25.0.1 - - [22/Jan/2025:00:26:45 +0000] "GET /thredds/getconfig HTTP/1.0" 404 675
172.25.0.1 - - [22/Jan/2025:00:26:48 +0000] "GET /thredds/wms/POP/model/regional/bom/forecast/monthly/accesss/seasonal_sst/sst.forecast.full_field.seasonal.nc?service=WMS&version=1.3.0&request=GetCapabilities HTTP/1.0" 200 27987
127.0.0.1 - - [22/Jan/2025:00:26:52 +0000] "GET /thredds/catalog.html HTTP/1.1" 302 -
127.0.0.1 - - [22/Jan/2025:00:27:02 +0000] "GET /thredds/catalog.html HTTP/1.1" 302 -
127.0.0.1 - - [22/Jan/2025:00:27:12 +0000] "GET /thredds/catalog.html HTTP/1.1" 302 -
127.0.0.1 - - [22/Jan/2025:00:27:22 +0000] "GET /thredds/catalog.html HTTP/1.1" 302 -
127.0.0.1 - - [22/Jan/2025:00:27:33 +0000] "GET /thredds/catalog.html HTTP/1.1" 302 -
172.25.0.1 - - [22/Jan/2025:00:27:38 +0000] "GET /thredds/wms/POP/model/regional/noaa/nrt/daily/sst_anomalies/latest.ncml?service=WMS&request=GetCapabilities&version=1.3.0 HTTP/1.0" 200 27378
127.0.0.1 - - [22/Jan/2025:00:27:43 +0000] "GET /thredds/catalog.html HTTP/1.1" 302 -
127.0.0.1 - - [22/Jan/2025:00:27:53 +0000] "GET /thredds/catalog.html HTTP/1.1" 302 -
172.25.0.1 - - [22/Jan/2025:00:28:02 +0000] "GET /thredds/wms/POP/model/regional/noaa/nrt/daily/sst_anomalies/latest.ncml?service=WMS&request=GetCapabilities&version=1.3.0 HTTP/1.0" 200 27378
127.0.0.1 - - [22/Jan/2025:00:28:03 +0000] "GET /thredds/catalog.html HTTP/1.1" 302 -
127.0.0.1 - - [22/Jan/2025:00:28:13 +0000] "GET /thredds/catalog.html HTTP/1.1" 302 -
127.0.0.1 - - [22/Jan/2025:00:28:23 +0000] "GET /thredds/catalog.html HTTP/1.1" 302 -
172.25.0.1 - - [22/Jan/2025:00:28:25 +0000] "GET /thredds/wms/POP/model/regional/noaa/nrt/daily/sst_anomalies/latest.ncml?service=WMS&request=GetCapabilities&version=1.3.0 HTTP/1.0" 200 27378
172.25.0.1 - - [22/Jan/2025:00:28:27 +0000] "GET /thredds/wms/POP/model/regional/noaa/nrt/daily/sst_anomalies/latest.ncml?service=WMS&request=GetCapabilities&version=1.3.0 HTTP/1.0" 200 27378
172.25.0.1 - - [22/Jan/2025:00:28:29 +0000] "GET /thredds/wms/POP/model/regional/bom/forecast/monthly/accesss/seasonal_sst/sst.forecast.full_field.seasonal.nc?request=GetMetadata&item=layerDetails&layerName=sst_clim HTTP/1.0" 200 3415
172.25.0.1 - - [22/Jan/2025:00:28:29 +0000] "GET /thredds/wms/POP/model/regional/bom/forecast/monthly/accesss/seasonal_sst/sst.forecast.full_field.seasonal.nc?request=GetLegendGraphic&height=600&width=1&numcolorbands=20&colorbaronly=true&vertical=true&palette=psu-viridis HTTP/1.0" 200 174
172.25.0.1 - - [22/Jan/2025:00:28:29 +0000] "GET /thredds/wms/POP/model/regional/bom/forecast/monthly/accesss/seasonal_sst/sst.forecast.full_field.seasonal.nc?request=GetMetadata&item=timesteps&layerName=sst_clim&day=2025-03-16 HTTP/1.0" 200 31
172.25.0.1 - - [22/Jan/2025:00:28:29 +0000] "GET /thredds/godiva3/img/extend_black.png HTTP/1.0" 304 -
172.25.0.1 - - [22/Jan/2025:00:28:30 +0000] "GET /thredds/wms/POP/model/regional/bom/forecast/monthly/accesss/seasonal_sst/sst.forecast.full_field.seasonal.nc?FORMAT=image%2Fpng&TRANSPARENT=TRUE&STYLES=default-scalar%2Fpsu-viridis&LAYERS=sst_clim&TIME=2025-03-16T20%3A00%3A56.250Z&COLORSCALERANGE=-50%2C50&NUMCOLORBANDS=20&ABOVEMAXCOLOR=extend&BELOWMINCOLOR=extend&BGCOLOR=extend&LOGSCALE=false&SERVICE=WMS&VERSION=1.1.1&REQUEST=GetMap&SRS=EPSG%3A4326&BBOX=-180,-90,-57.12,32.88&WIDTH=256&HEIGHT=256 HTTP/1.0" 200 3688
172.25.0.1 - - [22/Jan/2025:00:28:30 +0000] "GET /thredds/wms/POP/model/regional/bom/forecast/monthly/accesss/seasonal_sst/sst.forecast.full_field.seasonal.nc?FORMAT=image%2Fpng&TRANSPARENT=TRUE&STYLES=default-scalar%2Fpsu-viridis&LAYERS=sst_clim&TIME=2025-03-16T20%3A00%3A56.250Z&COLORSCALERANGE=-50%2C50&NUMCOLORBANDS=20&ABOVEMAXCOLOR=extend&BELOWMINCOLOR=extend&BGCOLOR=extend&LOGSCALE=false&SERVICE=WMS&VERSION=1.1.1&REQUEST=GetMap&SRS=EPSG%3A4326&BBOX=-180,32.88,-57.12,155.76&WIDTH=256&HEIGHT=256 HTTP/1.0" 200 3118
172.25.0.1 - - [22/Jan/2025:00:28:30 +0000] "GET /thredds/wms/POP/model/regional/bom/forecast/monthly/accesss/seasonal_sst/sst.forecast.full_field.seasonal.nc?FORMAT=image%2Fpng&TRANSPARENT=TRUE&STYLES=default-scalar%2Fpsu-viridis&LAYERS=sst_clim&TIME=2025-03-16T20%3A00%3A56.250Z&COLORSCALERANGE=-50%2C50&NUMCOLORBANDS=20&ABOVEMAXCOLOR=extend&BELOWMINCOLOR=extend&BGCOLOR=extend&LOGSCALE=false&SERVICE=WMS&VERSION=1.1.1&REQUEST=GetMap&SRS=EPSG%3A4326&BBOX=-294.24,32.88,-171.36,155.76&WIDTH=256&HEIGHT=256 HTTP/1.0" 200 2190
172.25.0.1 - - [22/Jan/2025:00:28:30 +0000] "GET /thredds/wms/POP/model/regional/bom/forecast/monthly/accesss/seasonal_sst/sst.forecast.full_field.seasonal.nc?FORMAT=image%2Fpng&TRANSPARENT=TRUE&STYLES=default-scalar%2Fpsu-viridis&LAYERS=sst_clim&TIME=2025-03-16T20%3A00%3A56.250Z&COLORSCALERANGE=-50%2C50&NUMCOLORBANDS=20&ABOVEMAXCOLOR=extend&BELOWMINCOLOR=extend&BGCOLOR=extend&LOGSCALE=false&SERVICE=WMS&VERSION=1.1.1&REQUEST=GetMap&SRS=EPSG%3A4326&BBOX=-57.12,32.88,65.76,155.76&WIDTH=256&HEIGHT=256 HTTP/1.0" 200 3458
172.25.0.1 - - [22/Jan/2025:00:28:30 +0000] "GET /thredds/wms/POP/model/regional/bom/forecast/monthly/accesss/seasonal_sst/sst.forecast.full_field.seasonal.nc?FORMAT=image%2Fpng&TRANSPARENT=TRUE&STYLES=default-scalar%2Fpsu-viridis&LAYERS=sst_clim&TIME=2025-03-16T20%3A00%3A56.250Z&COLORSCALERANGE=-50%2C50&NUMCOLORBANDS=20&ABOVEMAXCOLOR=extend&BELOWMINCOLOR=extend&BGCOLOR=extend&LOGSCALE=false&SERVICE=WMS&VERSION=1.1.1&REQUEST=GetMap&SRS=EPSG%3A4326&BBOX=-171.36,32.88,-48.48,155.76&WIDTH=256&HEIGHT=256 HTTP/1.0" 200 3244
172.25.0.1 - - [22/Jan/2025:00:28:30 +0000] "GET /thredds/wms/POP/model/regional/bom/forecast/monthly/accesss/seasonal_sst/sst.forecast.full_field.seasonal.nc?FORMAT=image%2Fpng&TRANSPARENT=TRUE&STYLES=default-scalar%2Fpsu-viridis&LAYERS=sst_clim&TIME=2025-03-16T20%3A00%3A56.250Z&COLORSCALERANGE=-50%2C50&NUMCOLORBANDS=20&ABOVEMAXCOLOR=extend&BELOWMINCOLOR=extend&BGCOLOR=extend&LOGSCALE=false&SERVICE=WMS&VERSION=1.1.1&REQUEST=GetMap&SRS=EPSG%3A4326&BBOX=-294.24,-90,-171.36,32.88&WIDTH=256&HEIGHT=256 HTTP/1.0" 200 4346
172.25.0.1 - - [22/Jan/2025:00:28:30 +0000] "GET /thredds/wms/POP/model/regional/bom/forecast/monthly/accesss/seasonal_sst/sst.forecast.full_field.seasonal.nc?FORMAT=image%2Fpng&TRANSPARENT=TRUE&STYLES=default-scalar%2Fpsu-viridis&LAYERS=sst_clim&TIME=2025-03-16T20%3A00%3A56.250Z&COLORSCALERANGE=-50%2C50&NUMCOLORBANDS=20&ABOVEMAXCOLOR=extend&BELOWMINCOLOR=extend&BGCOLOR=extend&LOGSCALE=false&SERVICE=WMS&VERSION=1.1.1&REQUEST=GetMap&SRS=EPSG%3A4326&BBOX=-171.36,-90,-48.48,32.88&WIDTH=256&HEIGHT=256 HTTP/1.0" 200 3896
172.25.0.1 - - [22/Jan/2025:00:28:30 +0000] "GET /thredds/wms/POP/model/regional/bom/forecast/monthly/accesss/seasonal_sst/sst.forecast.full_field.seasonal.nc?FORMAT=image%2Fpng&TRANSPARENT=TRUE&STYLES=default-scalar%2Fpsu-viridis&LAYERS=sst_clim&TIME=2025-03-16T20%3A00%3A56.250Z&COLORSCALERANGE=-50%2C50&NUMCOLORBANDS=20&ABOVEMAXCOLOR=extend&BELOWMINCOLOR=extend&BGCOLOR=extend&LOGSCALE=false&SERVICE=WMS&VERSION=1.1.1&REQUEST=GetMap&SRS=EPSG%3A4326&BBOX=-57.12,-90,65.76,32.88&WIDTH=256&HEIGHT=256 HTTP/1.0" 200 3938
127.0.0.1 - - [22/Jan/2025:00:28:33 +0000] "GET /thredds/catalog.html HTTP/1.1" 302 -
127.0.0.1 - - [22/Jan/2025:00:28:43 +0000] "GET /thredds/catalog.html HTTP/1.1" 302 -
127.0.0.1 - - [22/Jan/2025:00:28:53 +0000] "GET /thredds/catalog.html HTTP/1.1" 302 -
127.0.0.1 - - [22/Jan/2025:00:29:04 +0000] "GET /thredds/catalog.html HTTP/1.1" 302 -
172.25.0.1 - - [22/Jan/2025:00:29:07 +0000] "GET /thredds/wms/POP/model/regional/noaa/nrt/daily/sst_anomalies/latest.ncml?service=WMS&request=GetCapabilities&version=1.3.0 HTTP/1.0" 200 27378
127.0.0.1 - - [22/Jan/2025:00:29:14 +0000] "GET /thredds/catalog.html HTTP/1.1" 302 -
172.25.0.1 - - [22/Jan/2025:00:29:17 +0000] "GET /thredds/wms/POP/model/regional/noaa/nrt/daily/sst_anomalies/latest.ncml?service=WMS&request=GetCapabilities&version=1.3.0 HTTP/1.0" 200 27378
127.0.0.1 - - [22/Jan/2025:00:29:24 +0000] "GET /thredds/catalog.html HTTP/1.1" 302 -
127.0.0.1 - - [22/Jan/2025:00:29:34 +0000] "GET /thredds/catalog.html HTTP/1.1" 302 -
127.0.0.1 - - [22/Jan/2025:00:29:44 +0000] "GET /thredds/catalog.html HTTP/1.1" 302 -
127.0.0.1 - - [22/Jan/2025:00:29:54 +0000] "GET /thredds/catalog.html HTTP/1.1" 302 -
127.0.0.1 - - [22/Jan/2025:00:30:04 +0000] "GET /thredds/catalog.html HTTP/1.1" 302 -
172.25.0.1 - - [22/Jan/2025:00:30:13 +0000] "GET /thredds/wms/POP/model/regional/noaa/nrt/daily/sst_anomalies/latest.ncml?service=WMS&request=GetCapabilities&version=1.3.0 HTTP/1.0" 200 27378
127.0.0.1 - - [22/Jan/2025:00:30:14 +0000] "GET /thredds/catalog.html HTTP/1.1" 302 -
172.25.0.1 - - [22/Jan/2025:00:30:16 +0000] "GET /thredds/wms/POP/model/regional/noaa/nrt/daily/sst_anomalies/latest.ncml?service=WMS&request=GetCapabilities&version=1.3.0 HTTP/1.0" 200 27378
172.25.0.1 - - [22/Jan/2025:00:30:19 +0000] "GET /thredds/wms/POP/model/regional/noaa/nrt/daily/sst_anomalies/latest.ncml?service=WMS&request=GetCapabilities&version=1.3.0 HTTP/1.0" 200 27378
127.0.0.1 - - [22/Jan/2025:00:30:24 +0000] "GET /thredds/catalog.html HTTP/1.1" 302 -
127.0.0.1 - - [22/Jan/2025:00:30:34 +0000] "GET /thredds/catalog.html HTTP/1.1" 302 -
127.0.0.1 - - [22/Jan/2025:00:30:45 +0000] "GET /thredds/catalog.html HTTP/1.1" 302 -
127.0.0.1 - - [22/Jan/2025:00:30:55 +0000] "GET /thredds/catalog.html HTTP/1.1" 302 -
127.0.0.1 - - [22/Jan/2025:00:31:05 +0000] "GET /thredds/catalog.html HTTP/1.1" 302 -
127.0.0.1 - - [22/Jan/2025:00:31:15 +0000] "GET /thredds/catalog.html HTTP/1.1" 302 -
127.0.0.1 - - [22/Jan/2025:00:31:25 +0000] "GET /thredds/catalog.html HTTP/1.1" 302 -
127.0.0.1 - - [22/Jan/2025:00:31:35 +0000] "GET /thredds/catalog.html HTTP/1.1" 302 -
127.0.0.1 - - [22/Jan/2025:00:31:45 +0000] "GET /thredds/catalog.html HTTP/1.1" 302 -
127.0.0.1 - - [22/Jan/2025:00:31:55 +0000] "GET /thredds/catalog.html HTTP/1.1" 302 -
127.0.0.1 - - [22/Jan/2025:00:32:05 +0000] "GET /thredds/catalog.html HTTP/1.1" 302 -
127.0.0.1 - - [22/Jan/2025:00:32:15 +0000] "GET /thredds/catalog.html HTTP/1.1" 302 -
127.0.0.1 - - [22/Jan/2025:00:32:25 +0000] "GET /thredds/catalog.html HTTP/1.1" 302 -
172.25.0.1 - - [22/Jan/2025:00:32:30 +0000] "GET /thredds/wms/POP/model/regional/noaa/nrt/daily/sst_anomalies/latest.ncml?service=WMS&request=GetCapabilities&version=1.3.0 HTTP/1.0" 200 27378
127.0.0.1 - - [22/Jan/2025:00:32:36 +0000] "GET /thredds/catalog.html HTTP/1.1" 302 -
172.25.0.1 - - [22/Jan/2025:00:32:41 +0000] "GET /thredds/wms/POP/model/regional/noaa/nrt/daily/sst_anomalies/latest.ncml?service=WMS&request=GetCapabilities&version=1.3.0 HTTP/1.0" 200 27378
127.0.0.1 - - [22/Jan/2025:00:32:46 +0000] "GET /thredds/catalog.html HTTP/1.1" 302 -
127.0.0.1 - - [22/Jan/2025:00:32:56 +0000] "GET /thredds/catalog.html HTTP/1.1" 302 -
172.25.0.1 - - [22/Jan/2025:00:32:57 +0000] "GET /thredds/wms/POP/model/regional/noaa/nrt/daily/sst_anomalies/latest.ncml?service=WMS&request=GetCapabilities&version=1.3.0 HTTP/1.0" 200 27378
127.0.0.1 - - [22/Jan/2025:00:33:06 +0000] "GET /thredds/catalog.html HTTP/1.1" 302 -
172.25.0.1 - - [22/Jan/2025:00:33:09 +0000] "GET /thredds/wms/POP/model/regional/noaa/nrt/daily/sst_anomalies/latest.ncml?service=WMS&request=GetCapabilities&version=1.3.0 HTTP/1.0" 200 27378
172.25.0.1 - - [22/Jan/2025:00:33:10 +0000] "GET /thredds/wms/POP/model/regional/noaa/nrt/daily/sst_anomalies/latest.ncml?service=WMS&request=GetCapabilities&version=1.3.0 HTTP/1.0" 200 27378
127.0.0.1 - - [22/Jan/2025:00:33:16 +0000] "GET /thredds/catalog.html HTTP/1.1" 302 -
127.0.0.1 - - [22/Jan/2025:00:33:26 +0000] "GET /thredds/catalog.html HTTP/1.1" 302 -
127.0.0.1 - - [22/Jan/2025:00:33:36 +0000] "GET /thredds/catalog.html HTTP/1.1" 302 -
127.0.0.1 - - [22/Jan/2025:00:33:46 +0000] "GET /thredds/catalog.html HTTP/1.1" 302 -
172.25.0.1 - - [22/Jan/2025:00:33:47 +0000] "GET /thredds/wms/POP/model/regional/noaa/nrt/daily/sst_anomalies/latest.ncml?service=WMS&request=GetCapabilities&version=1.3.0 HTTP/1.0" 200 27378
172.25.0.1 - - [22/Jan/2025:00:33:51 +0000] "GET /thredds/wms/POP/model/regional/noaa/nrt/daily/sst_anomalies/latest.ncml?service=WMS&request=GetCapabilities&version=1.3.0 HTTP/1.0" 200 27378
127.0.0.1 - - [22/Jan/2025:00:33:56 +0000] "GET /thredds/catalog.html HTTP/1.1" 302 -
127.0.0.1 - - [22/Jan/2025:00:34:06 +0000] "GET /thredds/catalog.html HTTP/1.1" 302 -
127.0.0.1 - - [22/Jan/2025:00:34:17 +0000] "GET /thredds/catalog.html HTTP/1.1" 302 -
127.0.0.1 - - [22/Jan/2025:00:34:27 +0000] "GET /thredds/catalog.html HTTP/1.1" 302 -
127.0.0.1 - - [22/Jan/2025:00:34:37 +0000] "GET /thredds/catalog.html HTTP/1.1" 302 -
127.0.0.1 - - [22/Jan/2025:00:34:47 +0000] "GET /thredds/catalog.html HTTP/1.1" 302 -
127.0.0.1 - - [22/Jan/2025:00:34:57 +0000] "GET /thredds/catalog.html HTTP/1.1" 302 -
172.25.0.1 - - [22/Jan/2025:00:35:06 +0000] "GET /thredds/wms/POP/model/regional/noaa/nrt/daily/sst_anomalies/latest.ncml?service=WMS&request=GetCapabilities&version=1.3.0 HTTP/1.0" 200 27378
127.0.0.1 - - [22/Jan/2025:00:35:07 +0000] "GET /thredds/catalog.html HTTP/1.1" 302 -
127.0.0.1 - - [22/Jan/2025:00:35:17 +0000] "GET /thredds/catalog.html HTTP/1.1" 302 -
172.25.0.1 - - [22/Jan/2025:00:35:27 +0000] "GET /thredds/wms/POP/model/regional/noaa/nrt/daily/sst_anomalies/latest.ncml?service=WMS&request=GetCapabilities&version=1.3.0 HTTP/1.0" 200 27378
127.0.0.1 - - [22/Jan/2025:00:35:27 +0000] "GET /thredds/catalog.html HTTP/1.1" 302 -
172.25.0.1 - - [22/Jan/2025:00:35:28 +0000] "GET /thredds/wms/POP/model/regional/noaa/nrt/daily/sst_anomalies/latest.ncml?service=WMS&request=GetCapabilities&version=1.3.0 HTTP/1.0" 200 27378
127.0.0.1 - - [22/Jan/2025:00:35:37 +0000] "GET /thredds/catalog.html HTTP/1.1" 302 -
172.25.0.1 - - [22/Jan/2025:00:35:42 +0000] "GET /thredds/wms/POP/model/regional/noaa/nrt/daily/sst_anomalies/latest.ncml?service=WMS&request=GetCapabilities&version=1.3.0 HTTP/1.0" 200 27378
127.0.0.1 - - [22/Jan/2025:00:35:48 +0000] "GET /thredds/catalog.html HTTP/1.1" 302 -
127.0.0.1 - - [22/Jan/2025:00:35:58 +0000] "GET /thredds/catalog.html HTTP/1.1" 302 -
127.0.0.1 - - [22/Jan/2025:00:36:08 +0000] "GET /thredds/catalog.html HTTP/1.1" 302 -
127.0.0.1 - - [22/Jan/2025:00:36:18 +0000] "GET /thredds/catalog.html HTTP/1.1" 302 -
172.25.0.1 - - [22/Jan/2025:00:36:23 +0000] "GET /thredds/wms/POP/model/regional/noaa/nrt/daily/sst_anomalies/latest.ncml?service=WMS&request=GetCapabilities&version=1.3.0 HTTP/1.0" 200 27378
172.25.0.1 - - [22/Jan/2025:00:36:24 +0000] "GET /thredds/wms/POP/model/regional/noaa/nrt/daily/sst_anomalies/latest.ncml?service=WMS&request=GetCapabilities&version=1.3.0 HTTP/1.0" 200 27378
127.0.0.1 - - [22/Jan/2025:00:36:28 +0000] "GET /thredds/catalog.html HTTP/1.1" 302 -
127.0.0.1 - - [22/Jan/2025:00:36:38 +0000] "GET /thredds/catalog.html HTTP/1.1" 302 -
127.0.0.1 - - [22/Jan/2025:00:36:48 +0000] "GET /thredds/catalog.html HTTP/1.1" 302 -
127.0.0.1 - - [22/Jan/2025:00:36:58 +0000] "GET /thredds/catalog.html HTTP/1.1" 302 -
127.0.0.1 - - [22/Jan/2025:00:37:08 +0000] "GET /thredds/catalog.html HTTP/1.1" 302 -
127.0.0.1 - - [22/Jan/2025:00:37:18 +0000] "GET /thredds/catalog.html HTTP/1.1" 302 -
127.0.0.1 - - [22/Jan/2025:00:37:28 +0000] "GET /thredds/catalog.html HTTP/1.1" 302 -
127.0.0.1 - - [22/Jan/2025:00:37:38 +0000] "GET /thredds/catalog.html HTTP/1.1" 302 -
127.0.0.1 - - [22/Jan/2025:00:37:49 +0000] "GET /thredds/catalog.html HTTP/1.1" 302 -
127.0.0.1 - - [22/Jan/2025:00:37:59 +0000] "GET /thredds/catalog.html HTTP/1.1" 302 -
127.0.0.1 - - [22/Jan/2025:00:38:09 +0000] "GET /thredds/catalog.html HTTP/1.1" 302 -
127.0.0.1 - - [22/Jan/2025:00:38:19 +0000] "GET /thredds/catalog.html HTTP/1.1" 302 -
127.0.0.1 - - [22/Jan/2025:00:38:29 +0000] "GET /thredds/catalog.html HTTP/1.1" 302 -
127.0.0.1 - - [22/Jan/2025:00:38:39 +0000] "GET /thredds/catalog.html HTTP/1.1" 302 -
172.25.0.1 - - [22/Jan/2025:00:38:48 +0000] "GET /thredds/wms/POP/model/regional/noaa/nrt/daily/sst_anomalies/latest.ncml?service=WMS&request=GetCapabilities&version=1.3.0 HTTP/1.0" 200 27378
127.0.0.1 - - [22/Jan/2025:00:38:49 +0000] "GET /thredds/catalog.html HTTP/1.1" 302 -
172.25.0.1 - - [22/Jan/2025:00:38:53 +0000] "GET /thredds/wms/POP/model/regional/noaa/nrt/daily/sst_anomalies/latest.ncml?service=WMS&request=GetCapabilities&version=1.3.0 HTTP/1.0" 200 27378
172.25.0.1 - - [22/Jan/2025:00:38:53 +0000] "GET /thredds/wms/POP/model/regional/noaa/nrt/daily/sst_anomalies/latest.ncml?service=WMS&request=GetCapabilities&version=1.3.0 HTTP/1.0" 200 27378
127.0.0.1 - - [22/Jan/2025:00:38:59 +0000] "GET /thredds/catalog.html HTTP/1.1" 302 -
172.25.0.1 - - [22/Jan/2025:00:39:01 +0000] "GET /thredds/wms/POP/model/regional/noaa/nrt/daily/sst_anomalies/latest.ncml?service=WMS&request=GetCapabilities&version=1.3.0 HTTP/1.0" 200 27378
127.0.0.1 - - [22/Jan/2025:00:39:09 +0000] "GET /thredds/catalog.html HTTP/1.1" 302 -
127.0.0.1 - - [22/Jan/2025:00:39:19 +0000] "GET /thredds/catalog.html HTTP/1.1" 302 -
172.25.0.1 - - [22/Jan/2025:00:39:27 +0000] "GET /thredds/wms/POP/model/regional/noaa/nrt/daily/sst_anomalies/latest.ncml?service=WMS&request=GetCapabilities&version=1.3.0 HTTP/1.0" 200 27378
127.0.0.1 - - [22/Jan/2025:00:39:30 +0000] "GET /thredds/catalog.html HTTP/1.1" 302 -
172.25.0.1 - - [22/Jan/2025:00:39:33 +0000] "GET /thredds/wms/POP/model/regional/noaa/nrt/daily/sst_anomalies/latest.ncml?service=WMS&request=GetCapabilities&version=1.3.0 HTTP/1.0" 200 27378
127.0.0.1 - - [22/Jan/2025:00:39:40 +0000] "GET /thredds/catalog.html HTTP/1.1" 302 -
127.0.0.1 - - [22/Jan/2025:00:39:50 +0000] "GET /thredds/catalog.html HTTP/1.1" 302 -
127.0.0.1 - - [22/Jan/2025:00:40:00 +0000] "GET /thredds/catalog.html HTTP/1.1" 302 -
127.0.0.1 - - [22/Jan/2025:00:40:10 +0000] "GET /thredds/catalog.html HTTP/1.1" 302 -
172.25.0.1 - - [22/Jan/2025:00:40:17 +0000] "GET /thredds/wms/POP/model/regional/noaa/nrt/daily/sst_anomalies/latest.ncml?service=WMS&request=GetCapabilities&version=1.3.0 HTTP/1.0" 200 27378
172.25.0.1 - - [22/Jan/2025:00:40:20 +0000] "GET /thredds/wms/POP/model/regional/noaa/nrt/daily/sst_anomalies/latest.ncml?service=WMS&request=GetCapabilities&version=1.3.0 HTTP/1.0" 200 27378
127.0.0.1 - - [22/Jan/2025:00:40:20 +0000] "GET /thredds/catalog.html HTTP/1.1" 302 -
127.0.0.1 - - [22/Jan/2025:00:40:30 +0000] "GET /thredds/catalog.html HTTP/1.1" 302 -
127.0.0.1 - - [22/Jan/2025:00:40:40 +0000] "GET /thredds/catalog.html HTTP/1.1" 302 -
127.0.0.1 - - [22/Jan/2025:00:40:50 +0000] "GET /thredds/catalog.html HTTP/1.1" 302 -
127.0.0.1 - - [22/Jan/2025:00:41:00 +0000] "GET /thredds/catalog.html HTTP/1.1" 302 -
127.0.0.1 - - [22/Jan/2025:00:41:11 +0000] "GET /thredds/catalog.html HTTP/1.1" 302 -
127.0.0.1 - - [22/Jan/2025:00:41:21 +0000] "GET /thredds/catalog.html HTTP/1.1" 302 -
172.25.0.1 - - [22/Jan/2025:00:41:28 +0000] "GET /thredds/wms/POP/model/regional/noaa/nrt/daily/sst_anomalies/latest.ncml?service=WMS&request=GetCapabilities&version=1.3.0 HTTP/1.0" 200 27378
127.0.0.1 - - [22/Jan/2025:00:41:31 +0000] "GET /thredds/catalog.html HTTP/1.1" 302 -
172.25.0.1 - - [22/Jan/2025:00:41:35 +0000] "GET /thredds/wms/POP/model/regional/noaa/nrt/daily/sst_anomalies/latest.ncml?service=WMS&request=GetCapabilities&version=1.3.0 HTTP/1.0" 200 27378
127.0.0.1 - - [22/Jan/2025:00:41:41 +0000] "GET /thredds/catalog.html HTTP/1.1" 302 -
127.0.0.1 - - [22/Jan/2025:00:41:51 +0000] "GET /thredds/catalog.html HTTP/1.1" 302 -
127.0.0.1 - - [22/Jan/2025:00:42:01 +0000] "GET /thredds/catalog.html HTTP/1.1" 302 -
127.0.0.1 - - [22/Jan/2025:00:42:11 +0000] "GET /thredds/catalog.html HTTP/1.1" 302 -
127.0.0.1 - - [22/Jan/2025:00:42:21 +0000] "GET /thredds/catalog.html HTTP/1.1" 302 -
127.0.0.1 - - [22/Jan/2025:00:42:31 +0000] "GET /thredds/catalog.html HTTP/1.1" 302 -
172.25.0.1 - - [22/Jan/2025:00:42:40 +0000] "GET /thredds/wms/POP/model/regional/noaa/nrt/daily/sst_anomalies/latest.ncml?service=WMS&request=GetCapabilities&version=1.3.0 HTTP/1.0" 200 27378
127.0.0.1 - - [22/Jan/2025:00:42:41 +0000] "GET /thredds/catalog.html HTTP/1.1" 302 -
127.0.0.1 - - [22/Jan/2025:00:42:51 +0000] "GET /thredds/catalog.html HTTP/1.1" 302 -
172.25.0.1 - - [22/Jan/2025:00:42:57 +0000] "GET /thredds/wms/POP/model/regional/noaa/nrt/daily/sst_anomalies/latest.ncml?service=WMS&request=GetCapabilities&version=1.3.0 HTTP/1.0" 200 27378
172.25.0.1 - - [22/Jan/2025:00:42:59 +0000] "GET /thredds/wms/POP/model/regional/noaa/nrt/daily/sst_anomalies/latest.ncml?service=WMS&request=GetCapabilities&version=1.3.0 HTTP/1.0" 200 27378
127.0.0.1 - - [22/Jan/2025:00:43:02 +0000] "GET /thredds/catalog.html HTTP/1.1" 302 -
172.25.0.1 - - [22/Jan/2025:00:43:04 +0000] "GET /thredds/wms/POP/model/regional/noaa/nrt/daily/sst_anomalies/latest.ncml?service=WMS&request=GetCapabilities&version=1.3.0 HTTP/1.0" 200 27378
127.0.0.1 - - [22/Jan/2025:00:43:12 +0000] "GET /thredds/catalog.html HTTP/1.1" 302 -
127.0.0.1 - - [22/Jan/2025:00:43:22 +0000] "GET /thredds/catalog.html HTTP/1.1" 302 -
127.0.0.1 - - [22/Jan/2025:00:43:32 +0000] "GET /thredds/catalog.html HTTP/1.1" 302 -
127.0.0.1 - - [22/Jan/2025:00:43:42 +0000] "GET /thredds/catalog.html HTTP/1.1" 302 -
127.0.0.1 - - [22/Jan/2025:00:43:52 +0000] "GET /thredds/catalog.html HTTP/1.1" 302 -
127.0.0.1 - - [22/Jan/2025:00:44:02 +0000] "GET /thredds/catalog.html HTTP/1.1" 302 -
127.0.0.1 - - [22/Jan/2025:00:44:12 +0000] "GET /thredds/catalog.html HTTP/1.1" 302 -
127.0.0.1 - - [22/Jan/2025:00:44:22 +0000] "GET /thredds/catalog.html HTTP/1.1" 302 -
127.0.0.1 - - [22/Jan/2025:00:44:32 +0000] "GET /thredds/catalog.html HTTP/1.1" 302 -
127.0.0.1 - - [22/Jan/2025:00:44:42 +0000] "GET /thredds/catalog.html HTTP/1.1" 302 -
172.25.0.1 - - [22/Jan/2025:00:44:51 +0000] "GET /thredds/wms/POP/model/regional/noaa/nrt/daily/sst_anomalies/latest.ncml?service=WMS&request=GetCapabilities&version=1.3.0 HTTP/1.0" 200 27378
127.0.0.1 - - [22/Jan/2025:00:44:52 +0000] "GET /thredds/catalog.html HTTP/1.1" 302 -
127.0.0.1 - - [22/Jan/2025:00:45:03 +0000] "GET /thredds/catalog.html HTTP/1.1" 302 -
172.25.0.1 - - [22/Jan/2025:00:45:06 +0000] "GET /thredds/wms/POP/model/regional/noaa/nrt/daily/sst_anomalies/latest.ncml?service=WMS&request=GetCapabilities&version=1.3.0 HTTP/1.0" 200 27378
127.0.0.1 - - [22/Jan/2025:00:45:13 +0000] "GET /thredds/catalog.html HTTP/1.1" 302 -
127.0.0.1 - - [22/Jan/2025:00:45:23 +0000] "GET /thredds/catalog.html HTTP/1.1" 302 -
172.25.0.1 - - [22/Jan/2025:00:45:27 +0000] "GET /thredds/wms/POP/model/regional/noaa/nrt/daily/sst_anomalies/latest.ncml?service=WMS&request=GetCapabilities&version=1.3.0 HTTP/1.0" 200 27378
172.25.0.1 - - [22/Jan/2025:00:45:27 +0000] "GET /thredds/wms/POP/model/regional/noaa/nrt/daily/sst_anomalies/latest.ncml?service=WMS&request=GetCapabilities&version=1.3.0 HTTP/1.0" 200 27378
172.25.0.1 - - [22/Jan/2025:00:45:32 +0000] "GET /thredds/wms/POP/model/regional/noaa/nrt/daily/sst_anomalies/latest.ncml?service=WMS&request=GetCapabilities&version=1.3.0 HTTP/1.0" 200 27378
127.0.0.1 - - [22/Jan/2025:00:45:33 +0000] "GET /thredds/catalog.html HTTP/1.1" 302 -
127.0.0.1 - - [22/Jan/2025:00:45:43 +0000] "GET /thredds/catalog.html HTTP/1.1" 302 -
172.25.0.1 - - [22/Jan/2025:00:45:47 +0000] "GET /thredds/wms/POP/model/regional/noaa/nrt/daily/sst_anomalies/latest.ncml?service=WMS&request=GetCapabilities&version=1.3.0 HTTP/1.0" 200 27378
172.25.0.1 - - [22/Jan/2025:00:45:51 +0000] "GET /thredds/wms/POP/model/regional/noaa/nrt/daily/sst_anomalies/latest.ncml?service=WMS&request=GetCapabilities&version=1.3.0 HTTP/1.0" 200 27378
127.0.0.1 - - [22/Jan/2025:00:45:53 +0000] "GET /thredds/catalog.html HTTP/1.1" 302 -
127.0.0.1 - - [22/Jan/2025:00:46:03 +0000] "GET /thredds/catalog.html HTTP/1.1" 302 -
127.0.0.1 - - [22/Jan/2025:00:46:14 +0000] "GET /thredds/catalog.html HTTP/1.1" 302 -
127.0.0.1 - - [22/Jan/2025:00:46:24 +0000] "GET /thredds/catalog.html HTTP/1.1" 302 -
127.0.0.1 - - [22/Jan/2025:00:46:34 +0000] "GET /thredds/catalog.html HTTP/1.1" 302 -
127.0.0.1 - - [22/Jan/2025:00:46:44 +0000] "GET /thredds/catalog.html HTTP/1.1" 302 -
127.0.0.1 - - [22/Jan/2025:00:46:54 +0000] "GET /thredds/catalog.html HTTP/1.1" 302 -
127.0.0.1 - - [22/Jan/2025:00:47:04 +0000] "GET /thredds/catalog.html HTTP/1.1" 302 -
127.0.0.1 - - [22/Jan/2025:00:47:14 +0000] "GET /thredds/catalog.html HTTP/1.1" 302 -
127.0.0.1 - - [22/Jan/2025:00:47:24 +0000] "GET /thredds/catalog.html HTTP/1.1" 302 -
127.0.0.1 - - [22/Jan/2025:00:47:34 +0000] "GET /thredds/catalog.html HTTP/1.1" 302 -
127.0.0.1 - - [22/Jan/2025:00:47:44 +0000] "GET /thredds/catalog.html HTTP/1.1" 302 -
127.0.0.1 - - [22/Jan/2025:02:12:21 +0000] "GET /thredds/catalog.html HTTP/1.1" 302 -
127.0.0.1 - - [22/Jan/2025:02:12:21 +0000] "GET /thredds/catalog.html HTTP/1.1" 302 -
127.0.0.1 - - [22/Jan/2025:02:12:30 +0000] "GET /thredds/catalog.html HTTP/1.1" 302 -
172.25.0.1 - - [22/Jan/2025:02:12:37 +0000] "GET /thredds HTTP/1.0" 302 -
172.25.0.1 - - [22/Jan/2025:02:12:37 +0000] "GET /thredds/ HTTP/1.0" 302 -
172.25.0.1 - - [22/Jan/2025:02:12:38 +0000] "GET /thredds/catalog/catalog.html HTTP/1.0" 200 3578
172.25.0.1 - - [22/Jan/2025:02:12:40 +0000] "GET /thredds/catalog/POP/catalog.html HTTP/1.0" 200 4373
127.0.0.1 - - [22/Jan/2025:02:12:40 +0000] "GET /thredds/catalog.html HTTP/1.1" 302 -
172.25.0.1 - - [22/Jan/2025:02:12:41 +0000] "GET /thredds/catalog/POP/model/catalog.html HTTP/1.0" 200 4355
172.25.0.1 - - [22/Jan/2025:02:12:42 +0000] "GET /thredds/catalog/POP/model/regional/catalog.html HTTP/1.0" 200 6624
172.25.0.1 - - [22/Jan/2025:02:12:46 +0000] "GET /thredds/catalog/POP/model/regional/noaa/catalog.html HTTP/1.0" 200 4935
172.25.0.1 - - [22/Jan/2025:02:12:47 +0000] "GET /thredds/catalog/POP/model/regional/noaa/nrt/catalog.html HTTP/1.0" 200 5507
172.25.0.1 - - [22/Jan/2025:02:12:48 +0000] "GET /thredds/catalog/POP/model/regional/noaa/nrt/daily/catalog.html HTTP/1.0" 200 4969
172.25.0.1 - - [22/Jan/2025:02:12:49 +0000] "GET /thredds/catalog/POP/model/regional/noaa/nrt/daily/coral_bleaching/catalog.html HTTP/1.0" 200 73382
127.0.0.1 - - [22/Jan/2025:02:12:50 +0000] "GET /thredds/catalog.html HTTP/1.1" 302 -
172.25.0.1 - - [22/Jan/2025:02:12:54 +0000] "GET /thredds/catalog/POP/model/regional/noaa/nrt/daily/coral_bleaching/catalog.html?dataset=POPdata/model/regional/noaa/nrt/daily/coral_bleaching/ct5km_baa5-max-7d_v3.1_20250120.nc HTTP/1.0" 200 10695
127.0.0.1 - - [22/Jan/2025:02:13:00 +0000] "GET /thredds/catalog.html HTTP/1.1" 302 -
172.25.0.1 - - [22/Jan/2025:02:13:01 +0000] "GET /thredds/wms/POP/model/regional/noaa/nrt/daily/coral_bleaching/ct5km_baa5-max-7d_v3.1_20250120.nc?service=WMS&version=1.3.0&request=GetCapabilities HTTP/1.0" 200 22220
127.0.0.1 - - [22/Jan/2025:02:13:10 +0000] "GET /thredds/catalog.html HTTP/1.1" 302 -
127.0.0.1 - - [22/Jan/2025:02:13:20 +0000] "GET /thredds/catalog.html HTTP/1.1" 302 -
127.0.0.1 - - [22/Jan/2025:02:13:30 +0000] "GET /thredds/catalog.html HTTP/1.1" 302 -
127.0.0.1 - - [22/Jan/2025:02:13:40 +0000] "GET /thredds/catalog.html HTTP/1.1" 302 -
127.0.0.1 - - [22/Jan/2025:02:13:51 +0000] "GET /thredds/catalog.html HTTP/1.1" 302 -
172.25.0.1 - - [22/Jan/2025:02:13:58 +0000] "GET /thredds/wms/POP/model/regional/noaa/nrt/daily/coral_bleaching/ct5km_baa5-max-7d_v3.1_20250120.nc?version=1.3.0&SERVICE=WMS&REQUEST=GetCapabilities HTTP/1.0" 200 22220
127.0.0.1 - - [22/Jan/2025:02:14:01 +0000] "GET /thredds/catalog.html HTTP/1.1" 302 -
127.0.0.1 - - [22/Jan/2025:02:14:11 +0000] "GET /thredds/catalog.html HTTP/1.1" 302 -
127.0.0.1 - - [22/Jan/2025:02:14:21 +0000] "GET /thredds/catalog.html HTTP/1.1" 302 -
127.0.0.1 - - [22/Jan/2025:02:14:31 +0000] "GET /thredds/catalog.html HTTP/1.1" 302 -
127.0.0.1 - - [22/Jan/2025:02:14:41 +0000] "GET /thredds/catalog.html HTTP/1.1" 302 -
172.25.0.1 - - [22/Jan/2025:02:14:49 +0000] "GET /thredds/wms/POP/model/regional/noaa/nrt/daily/coral_bleaching/ct5km_baa5-max-7d_v3.1_20250120.nc?SERVICE=WMS&REQUEST=GetCapabilities HTTP/1.0" 200 22220
127.0.0.1 - - [22/Jan/2025:02:14:51 +0000] "GET /thredds/catalog.html HTTP/1.1" 302 -
127.0.0.1 - - [22/Jan/2025:02:15:01 +0000] "GET /thredds/catalog.html HTTP/1.1" 302 -
172.25.0.1 - - [22/Jan/2025:02:15:09 +0000] "GET /thredds/wms/POP/model/regional/noaa/nrt/daily/coral_bleaching/ct5km_baa5-max-7d_v3.1_20250120.nc?SERVICE=WMS&REQUEST=GetCapabilities HTTP/1.0" 200 22220
127.0.0.1 - - [22/Jan/2025:02:15:11 +0000] "GET /thredds/catalog.html HTTP/1.1" 302 -
127.0.0.1 - - [22/Jan/2025:02:15:21 +0000] "GET /thredds/catalog.html HTTP/1.1" 302 -
127.0.0.1 - - [22/Jan/2025:02:15:31 +0000] "GET /thredds/catalog.html HTTP/1.1" 302 -
127.0.0.1 - - [22/Jan/2025:02:15:41 +0000] "GET /thredds/catalog.html HTTP/1.1" 302 -
127.0.0.1 - - [22/Jan/2025:02:15:51 +0000] "GET /thredds/catalog.html HTTP/1.1" 302 -
127.0.0.1 - - [22/Jan/2025:02:16:02 +0000] "GET /thredds/catalog.html HTTP/1.1" 302 -
127.0.0.1 - - [22/Jan/2025:02:16:12 +0000] "GET /thredds/catalog.html HTTP/1.1" 302 -
127.0.0.1 - - [22/Jan/2025:02:16:22 +0000] "GET /thredds/catalog.html HTTP/1.1" 302 -
127.0.0.1 - - [22/Jan/2025:02:16:32 +0000] "GET /thredds/catalog.html HTTP/1.1" 302 -
127.0.0.1 - - [22/Jan/2025:02:16:42 +0000] "GET /thredds/catalog.html HTTP/1.1" 302 -
127.0.0.1 - - [22/Jan/2025:02:16:52 +0000] "GET /thredds/catalog.html HTTP/1.1" 302 -
127.0.0.1 - - [22/Jan/2025:02:17:02 +0000] "GET /thredds/catalog.html HTTP/1.1" 302 -
127.0.0.1 - - [22/Jan/2025:02:17:12 +0000] "GET /thredds/catalog.html HTTP/1.1" 302 -
127.0.0.1 - - [22/Jan/2025:02:17:22 +0000] "GET /thredds/catalog.html HTTP/1.1" 302 -
127.0.0.1 - - [22/Jan/2025:02:17:32 +0000] "GET /thredds/catalog.html HTTP/1.1" 302 -
127.0.0.1 - - [22/Jan/2025:02:17:42 +0000] "GET /thredds/catalog.html HTTP/1.1" 302 -
127.0.0.1 - - [22/Jan/2025:02:17:52 +0000] "GET /thredds/catalog.html HTTP/1.1" 302 -
127.0.0.1 - - [22/Jan/2025:02:18:02 +0000] "GET /thredds/catalog.html HTTP/1.1" 302 -
127.0.0.1 - - [22/Jan/2025:02:18:12 +0000] "GET /thredds/catalog.html HTTP/1.1" 302 -
127.0.0.1 - - [22/Jan/2025:02:18:23 +0000] "GET /thredds/catalog.html HTTP/1.1" 302 -
127.0.0.1 - - [22/Jan/2025:02:18:33 +0000] "GET /thredds/catalog.html HTTP/1.1" 302 -
127.0.0.1 - - [22/Jan/2025:02:18:43 +0000] "GET /thredds/catalog.html HTTP/1.1" 302 -
127.0.0.1 - - [22/Jan/2025:02:18:53 +0000] "GET /thredds/catalog.html HTTP/1.1" 302 -
127.0.0.1 - - [22/Jan/2025:02:19:03 +0000] "GET /thredds/catalog.html HTTP/1.1" 302 -
127.0.0.1 - - [22/Jan/2025:02:19:13 +0000] "GET /thredds/catalog.html HTTP/1.1" 302 -
127.0.0.1 - - [22/Jan/2025:02:19:23 +0000] "GET /thredds/catalog.html HTTP/1.1" 302 -
127.0.0.1 - - [22/Jan/2025:02:19:33 +0000] "GET /thredds/catalog.html HTTP/1.1" 302 -
127.0.0.1 - - [22/Jan/2025:02:19:43 +0000] "GET /thredds/catalog.html HTTP/1.1" 302 -
127.0.0.1 - - [22/Jan/2025:02:19:53 +0000] "GET /thredds/catalog.html HTTP/1.1" 302 -
127.0.0.1 - - [22/Jan/2025:02:20:03 +0000] "GET /thredds/catalog.html HTTP/1.1" 302 -
127.0.0.1 - - [22/Jan/2025:02:20:13 +0000] "GET /thredds/catalog.html HTTP/1.1" 302 -
127.0.0.1 - - [22/Jan/2025:02:20:23 +0000] "GET /thredds/catalog.html HTTP/1.1" 302 -
127.0.0.1 - - [22/Jan/2025:02:20:33 +0000] "GET /thredds/catalog.html HTTP/1.1" 302 -
127.0.0.1 - - [22/Jan/2025:02:20:44 +0000] "GET /thredds/catalog.html HTTP/1.1" 302 -
127.0.0.1 - - [22/Jan/2025:02:20:54 +0000] "GET /thredds/catalog.html HTTP/1.1" 302 -
127.0.0.1 - - [22/Jan/2025:02:21:04 +0000] "GET /thredds/catalog.html HTTP/1.1" 302 -
127.0.0.1 - - [22/Jan/2025:02:21:14 +0000] "GET /thredds/catalog.html HTTP/1.1" 302 -
127.0.0.1 - - [22/Jan/2025:02:21:24 +0000] "GET /thredds/catalog.html HTTP/1.1" 302 -
127.0.0.1 - - [22/Jan/2025:02:21:34 +0000] "GET /thredds/catalog.html HTTP/1.1" 302 -
127.0.0.1 - - [22/Jan/2025:02:21:44 +0000] "GET /thredds/catalog.html HTTP/1.1" 302 -
127.0.0.1 - - [22/Jan/2025:02:21:54 +0000] "GET /thredds/catalog.html HTTP/1.1" 302 -
127.0.0.1 - - [22/Jan/2025:02:22:04 +0000] "GET /thredds/catalog.html HTTP/1.1" 302 -
127.0.0.1 - - [22/Jan/2025:02:22:14 +0000] "GET /thredds/catalog.html HTTP/1.1" 302 -
127.0.0.1 - - [22/Jan/2025:02:22:24 +0000] "GET /thredds/catalog.html HTTP/1.1" 302 -
127.0.0.1 - - [22/Jan/2025:02:22:34 +0000] "GET /thredds/catalog.html HTTP/1.1" 302 -
127.0.0.1 - - [22/Jan/2025:02:22:44 +0000] "GET /thredds/catalog.html HTTP/1.1" 302 -
127.0.0.1 - - [22/Jan/2025:02:22:55 +0000] "GET /thredds/catalog.html HTTP/1.1" 302 -
127.0.0.1 - - [22/Jan/2025:02:23:05 +0000] "GET /thredds/catalog.html HTTP/1.1" 302 -
127.0.0.1 - - [22/Jan/2025:02:23:15 +0000] "GET /thredds/catalog.html HTTP/1.1" 302 -
127.0.0.1 - - [22/Jan/2025:02:23:25 +0000] "GET /thredds/catalog.html HTTP/1.1" 302 -
127.0.0.1 - - [22/Jan/2025:02:23:35 +0000] "GET /thredds/catalog.html HTTP/1.1" 302 -
127.0.0.1 - - [22/Jan/2025:02:23:45 +0000] "GET /thredds/catalog.html HTTP/1.1" 302 -
127.0.0.1 - - [22/Jan/2025:02:23:55 +0000] "GET /thredds/catalog.html HTTP/1.1" 302 -
127.0.0.1 - - [22/Jan/2025:02:24:05 +0000] "GET /thredds/catalog.html HTTP/1.1" 302 -
127.0.0.1 - - [22/Jan/2025:02:24:15 +0000] "GET /thredds/catalog.html HTTP/1.1" 302 -
127.0.0.1 - - [22/Jan/2025:02:24:25 +0000] "GET /thredds/catalog.html HTTP/1.1" 302 -
127.0.0.1 - - [22/Jan/2025:02:24:35 +0000] "GET /thredds/catalog.html HTTP/1.1" 302 -
127.0.0.1 - - [22/Jan/2025:02:24:45 +0000] "GET /thredds/catalog.html HTTP/1.1" 302 -
127.0.0.1 - - [22/Jan/2025:02:24:55 +0000] "GET /thredds/catalog.html HTTP/1.1" 302 -
127.0.0.1 - - [22/Jan/2025:02:25:05 +0000] "GET /thredds/catalog.html HTTP/1.1" 302 -
127.0.0.1 - - [22/Jan/2025:02:25:15 +0000] "GET /thredds/catalog.html HTTP/1.1" 302 -
172.25.0.1 - - [22/Jan/2025:02:25:21 +0000] "GET /thredds/ HTTP/1.0" 302 -
172.25.0.1 - - [22/Jan/2025:02:25:21 +0000] "GET /thredds/catalog/catalog.html HTTP/1.0" 200 3578
172.25.0.1 - - [22/Jan/2025:02:25:25 +0000] "GET /thredds/catalog/POP/catalog.html HTTP/1.0" 200 4373
127.0.0.1 - - [22/Jan/2025:02:25:26 +0000] "GET /thredds/catalog.html HTTP/1.1" 302 -
172.25.0.1 - - [22/Jan/2025:02:25:27 +0000] "GET /thredds/catalog/POP/model/catalog.html HTTP/1.0" 200 4355
172.25.0.1 - - [22/Jan/2025:02:25:28 +0000] "GET /thredds/catalog/POP/model/regional/catalog.html HTTP/1.0" 200 6624
172.25.0.1 - - [22/Jan/2025:02:25:32 +0000] "GET /thredds/catalog/POP/model/regional/noaa/catalog.html HTTP/1.0" 200 4935
127.0.0.1 - - [22/Jan/2025:02:25:36 +0000] "GET /thredds/catalog.html HTTP/1.1" 302 -
172.25.0.1 - - [22/Jan/2025:02:25:36 +0000] "GET /thredds/catalog/POP/model/regional/noaa/forecast/catalog.html HTTP/1.0" 200 5512
172.25.0.1 - - [22/Jan/2025:02:25:44 +0000] "GET /thredds/catalog/POP/model/regional/noaa/forecast/monthly/catalog.html HTTP/1.0" 200 3828
127.0.0.1 - - [22/Jan/2025:02:25:46 +0000] "GET /thredds/catalog.html HTTP/1.1" 302 -
172.25.0.1 - - [22/Jan/2025:02:25:46 +0000] "GET /thredds/catalog/POP/model/regional/noaa/forecast/monthly/coral_bleaching/catalog.html HTTP/1.0" 200 18919
172.25.0.1 - - [22/Jan/2025:02:25:48 +0000] "GET /thredds/catalog/POP/model/regional/noaa/forecast/monthly/coral_bleaching/catalog.html?dataset=POPdata/model/regional/noaa/forecast/monthly/coral_bleaching/merged_arrays_1.nc HTTP/1.0" 200 10582
172.25.0.1 - - [22/Jan/2025:02:25:51 +0000] "GET /thredds/Godiva.html?server=http%3A%2F%2Flocalhost%3A8081%2Fthredds%2Fwms%2FPOP%2Fmodel%2Fregional%2Fnoaa%2Fforecast%2Fmonthly%2Fcoral_bleaching%2Fmerged_arrays_1.nc HTTP/1.0" 200 814
172.25.0.1 - - [22/Jan/2025:02:25:51 +0000] "GET /thredds/godiva3/godiva3.nocache.js HTTP/1.0" 304 -
172.25.0.1 - - [22/Jan/2025:02:25:51 +0000] "GET /thredds/godiva3/36B0E540AC56668EEFE8D344EB03ECA6.cache.js HTTP/1.0" 304 -
172.25.0.1 - - [22/Jan/2025:02:25:51 +0000] "GET /thredds/getconfig HTTP/1.0" 404 675
127.0.0.1 - - [22/Jan/2025:02:25:56 +0000] "GET /thredds/catalog.html HTTP/1.1" 302 -
172.25.0.1 - - [22/Jan/2025:02:26:00 +0000] "GET /thredds/Godiva.html?server=https://dev-oceanportal.spc.int/thredds%2Fwms%2FPOP%2Fmodel%2Fregional%2Fnoaa%2Fforecast%2Fmonthly%2Fcoral_bleaching%2Fmerged_arrays_1.nc HTTP/1.0" 200 814
172.25.0.1 - - [22/Jan/2025:02:26:00 +0000] "GET /thredds/godiva3/godiva3.nocache.js HTTP/1.0" 304 -
172.25.0.1 - - [22/Jan/2025:02:26:00 +0000] "GET /thredds/godiva3/36B0E540AC56668EEFE8D344EB03ECA6.cache.js HTTP/1.0" 304 -
172.25.0.1 - - [22/Jan/2025:02:26:00 +0000] "GET /thredds/getconfig HTTP/1.0" 404 675
172.25.0.1 - - [22/Jan/2025:02:26:01 +0000] "GET /thredds/wms/POP/model/regional/noaa/forecast/monthly/coral_bleaching/merged_arrays_1.nc?request=GetMetadata&item=menu HTTP/1.0" 200 497
172.25.0.1 - - [22/Jan/2025:02:26:04 +0000] "GET /thredds/wms/POP/model/regional/noaa/forecast/monthly/coral_bleaching/merged_arrays_1.nc?request=GetMetadata&item=layerDetails&layerName=CRW_BAA HTTP/1.0" 200 3431
172.25.0.1 - - [22/Jan/2025:02:26:04 +0000] "GET /thredds/godiva3/img/extend_black.png HTTP/1.0" 304 -
172.25.0.1 - - [22/Jan/2025:02:26:04 +0000] "GET /thredds/wms/POP/model/regional/noaa/forecast/monthly/coral_bleaching/merged_arrays_1.nc?request=GetMetadata&item=timesteps&layerName=CRW_BAA&day=2025-02-03 HTTP/1.0" 200 31
172.25.0.1 - - [22/Jan/2025:02:26:04 +0000] "GET /thredds/wms/POP/model/regional/noaa/forecast/monthly/coral_bleaching/merged_arrays_1.nc?request=GetLegendGraphic&height=600&width=1&numcolorbands=20&colorbaronly=true&vertical=true&palette=psu-viridis HTTP/1.0" 200 174
172.25.0.1 - - [22/Jan/2025:02:26:05 +0000] "GET /thredds/wms/POP/model/regional/noaa/forecast/monthly/coral_bleaching/merged_arrays_1.nc?FORMAT=image%2Fpng&TRANSPARENT=TRUE&STYLES=default-scalar%2Fpsu-viridis&LAYERS=CRW_BAA&TIME=2025-02-03T00%3A00%3A00.000Z&COLORSCALERANGE=-50%2C50&NUMCOLORBANDS=20&ABOVEMAXCOLOR=extend&BELOWMINCOLOR=extend&BGCOLOR=extend&LOGSCALE=false&SERVICE=WMS&VERSION=1.1.1&REQUEST=GetMap&SRS=EPSG%3A4326&BBOX=-57.12,-90,65.76,32.88&WIDTH=256&HEIGHT=256 HTTP/1.0" 200 334
172.25.0.1 - - [22/Jan/2025:02:26:05 +0000] "GET /thredds/wms/POP/model/regional/noaa/forecast/monthly/coral_bleaching/merged_arrays_1.nc?FORMAT=image%2Fpng&TRANSPARENT=TRUE&STYLES=default-scalar%2Fpsu-viridis&LAYERS=CRW_BAA&TIME=2025-02-03T00%3A00%3A00.000Z&COLORSCALERANGE=-50%2C50&NUMCOLORBANDS=20&ABOVEMAXCOLOR=extend&BELOWMINCOLOR=extend&BGCOLOR=extend&LOGSCALE=false&SERVICE=WMS&VERSION=1.1.1&REQUEST=GetMap&SRS=EPSG%3A4326&BBOX=-171.36,32.88,-48.48,155.76&WIDTH=256&HEIGHT=256 HTTP/1.0" 200 649
172.25.0.1 - - [22/Jan/2025:02:26:05 +0000] "GET /thredds/wms/POP/model/regional/noaa/forecast/monthly/coral_bleaching/merged_arrays_1.nc?FORMAT=image%2Fpng&TRANSPARENT=TRUE&STYLES=default-scalar%2Fpsu-viridis&LAYERS=CRW_BAA&TIME=2025-02-03T00%3A00%3A00.000Z&COLORSCALERANGE=-50%2C50&NUMCOLORBANDS=20&ABOVEMAXCOLOR=extend&BELOWMINCOLOR=extend&BGCOLOR=extend&LOGSCALE=false&SERVICE=WMS&VERSION=1.1.1&REQUEST=GetMap&SRS=EPSG%3A4326&BBOX=-294.24,32.88,-171.36,155.76&WIDTH=256&HEIGHT=256 HTTP/1.0" 200 712
172.25.0.1 - - [22/Jan/2025:02:26:05 +0000] "GET /thredds/wms/POP/model/regional/noaa/forecast/monthly/coral_bleaching/merged_arrays_1.nc?FORMAT=image%2Fpng&TRANSPARENT=TRUE&STYLES=default-scalar%2Fpsu-viridis&LAYERS=CRW_BAA&TIME=2025-02-03T00%3A00%3A00.000Z&COLORSCALERANGE=-50%2C50&NUMCOLORBANDS=20&ABOVEMAXCOLOR=extend&BELOWMINCOLOR=extend&BGCOLOR=extend&LOGSCALE=false&SERVICE=WMS&VERSION=1.1.1&REQUEST=GetMap&SRS=EPSG%3A4326&BBOX=-180,32.88,-57.12,155.76&WIDTH=256&HEIGHT=256 HTTP/1.0" 200 649
172.25.0.1 - - [22/Jan/2025:02:26:05 +0000] "GET /thredds/wms/POP/model/regional/noaa/forecast/monthly/coral_bleaching/merged_arrays_1.nc?FORMAT=image%2Fpng&TRANSPARENT=TRUE&STYLES=default-scalar%2Fpsu-viridis&LAYERS=CRW_BAA&TIME=2025-02-03T00%3A00%3A00.000Z&COLORSCALERANGE=-50%2C50&NUMCOLORBANDS=20&ABOVEMAXCOLOR=extend&BELOWMINCOLOR=extend&BGCOLOR=extend&LOGSCALE=false&SERVICE=WMS&VERSION=1.1.1&REQUEST=GetMap&SRS=EPSG%3A4326&BBOX=-57.12,32.88,65.76,155.76&WIDTH=256&HEIGHT=256 HTTP/1.0" 200 334
172.25.0.1 - - [22/Jan/2025:02:26:05 +0000] "GET /thredds/wms/POP/model/regional/noaa/forecast/monthly/coral_bleaching/merged_arrays_1.nc?FORMAT=image%2Fpng&TRANSPARENT=TRUE&STYLES=default-scalar%2Fpsu-viridis&LAYERS=CRW_BAA&TIME=2025-02-03T00%3A00%3A00.000Z&COLORSCALERANGE=-50%2C50&NUMCOLORBANDS=20&ABOVEMAXCOLOR=extend&BELOWMINCOLOR=extend&BGCOLOR=extend&LOGSCALE=false&SERVICE=WMS&VERSION=1.1.1&REQUEST=GetMap&SRS=EPSG%3A4326&BBOX=-294.24,-90,-171.36,32.88&WIDTH=256&HEIGHT=256 HTTP/1.0" 200 2626
172.25.0.1 - - [22/Jan/2025:02:26:05 +0000] "GET /thredds/wms/POP/model/regional/noaa/forecast/monthly/coral_bleaching/merged_arrays_1.nc?FORMAT=image%2Fpng&TRANSPARENT=TRUE&STYLES=default-scalar%2Fpsu-viridis&LAYERS=CRW_BAA&TIME=2025-02-03T00%3A00%3A00.000Z&COLORSCALERANGE=-50%2C50&NUMCOLORBANDS=20&ABOVEMAXCOLOR=extend&BELOWMINCOLOR=extend&BGCOLOR=extend&LOGSCALE=false&SERVICE=WMS&VERSION=1.1.1&REQUEST=GetMap&SRS=EPSG%3A4326&BBOX=-180,-90,-57.12,32.88&WIDTH=256&HEIGHT=256 HTTP/1.0" 200 2000
172.25.0.1 - - [22/Jan/2025:02:26:05 +0000] "GET /thredds/wms/POP/model/regional/noaa/forecast/monthly/coral_bleaching/merged_arrays_1.nc?FORMAT=image%2Fpng&TRANSPARENT=TRUE&STYLES=default-scalar%2Fpsu-viridis&LAYERS=CRW_BAA&TIME=2025-02-03T00%3A00%3A00.000Z&COLORSCALERANGE=-50%2C50&NUMCOLORBANDS=20&ABOVEMAXCOLOR=extend&BELOWMINCOLOR=extend&BGCOLOR=extend&LOGSCALE=false&SERVICE=WMS&VERSION=1.1.1&REQUEST=GetMap&SRS=EPSG%3A4326&BBOX=-171.36,-90,-48.48,32.88&WIDTH=256&HEIGHT=256 HTTP/1.0" 200 2033
127.0.0.1 - - [22/Jan/2025:02:26:06 +0000] "GET /thredds/catalog.html HTTP/1.1" 302 -
172.25.0.1 - - [22/Jan/2025:02:26:09 +0000] "GET /thredds/wms/POP/model/regional/noaa/forecast/monthly/coral_bleaching/merged_arrays_1.nc?request=GetMetadata&item=timesteps&layerName=CRW_BAA&day=2025-03-03 HTTP/1.0" 200 31
172.25.0.1 - - [22/Jan/2025:02:26:09 +0000] "GET /thredds/wms/POP/model/regional/noaa/forecast/monthly/coral_bleaching/merged_arrays_1.nc?FORMAT=image%2Fpng&TRANSPARENT=TRUE&STYLES=default-scalar%2Fpsu-viridis&LAYERS=CRW_BAA&TIME=2025-03-03T00%3A00%3A00.000Z&COLORSCALERANGE=-50%2C50&NUMCOLORBANDS=20&ABOVEMAXCOLOR=extend&BELOWMINCOLOR=extend&BGCOLOR=extend&LOGSCALE=false&SERVICE=WMS&VERSION=1.1.1&REQUEST=GetMap&SRS=EPSG%3A4326&BBOX=-57.12,-90,65.76,32.88&WIDTH=256&HEIGHT=256 HTTP/1.0" 200 334
172.25.0.1 - - [22/Jan/2025:02:26:09 +0000] "GET /thredds/wms/POP/model/regional/noaa/forecast/monthly/coral_bleaching/merged_arrays_1.nc?FORMAT=image%2Fpng&TRANSPARENT=TRUE&STYLES=default-scalar%2Fpsu-viridis&LAYERS=CRW_BAA&TIME=2025-03-03T00%3A00%3A00.000Z&COLORSCALERANGE=-50%2C50&NUMCOLORBANDS=20&ABOVEMAXCOLOR=extend&BELOWMINCOLOR=extend&BGCOLOR=extend&LOGSCALE=false&SERVICE=WMS&VERSION=1.1.1&REQUEST=GetMap&SRS=EPSG%3A4326&BBOX=-57.12,32.88,65.76,155.76&WIDTH=256&HEIGHT=256 HTTP/1.0" 200 334
172.25.0.1 - - [22/Jan/2025:02:26:09 +0000] "GET /thredds/wms/POP/model/regional/noaa/forecast/monthly/coral_bleaching/merged_arrays_1.nc?FORMAT=image%2Fpng&TRANSPARENT=TRUE&STYLES=default-scalar%2Fpsu-viridis&LAYERS=CRW_BAA&TIME=2025-03-03T00%3A00%3A00.000Z&COLORSCALERANGE=-50%2C50&NUMCOLORBANDS=20&ABOVEMAXCOLOR=extend&BELOWMINCOLOR=extend&BGCOLOR=extend&LOGSCALE=false&SERVICE=WMS&VERSION=1.1.1&REQUEST=GetMap&SRS=EPSG%3A4326&BBOX=-180,32.88,-57.12,155.76&WIDTH=256&HEIGHT=256 HTTP/1.0" 200 649
172.25.0.1 - - [22/Jan/2025:02:26:09 +0000] "GET /thredds/wms/POP/model/regional/noaa/forecast/monthly/coral_bleaching/merged_arrays_1.nc?FORMAT=image%2Fpng&TRANSPARENT=TRUE&STYLES=default-scalar%2Fpsu-viridis&LAYERS=CRW_BAA&TIME=2025-03-03T00%3A00%3A00.000Z&COLORSCALERANGE=-50%2C50&NUMCOLORBANDS=20&ABOVEMAXCOLOR=extend&BELOWMINCOLOR=extend&BGCOLOR=extend&LOGSCALE=false&SERVICE=WMS&VERSION=1.1.1&REQUEST=GetMap&SRS=EPSG%3A4326&BBOX=-171.36,32.88,-48.48,155.76&WIDTH=256&HEIGHT=256 HTTP/1.0" 200 649
